FILE Assets/_Project/Scripts/HectonPlayerMovement.cs 4760 4825
4760|
4761|        private PlayerTransportPreset PrepareFixedTickDependencies()
4762|        {
4763|            return ResolveActiveTransportPreset();
4764|        }
4765|
4766|        private void OnEnable()
4767|        {
4768|            SargassumGlobalDragManager.Register(this);
4769|            SpectrumEvents.RegisterSonarPingListener(this);
4770|            OnRegister();
4771|            OnDependencyInject();
4772|            TryRegisterDependencyRebinds();
4773|            if (_survivalSystem == null)
4774|                TryGetComponent(out _survivalSystem);
4775|            BindInventoryLoadSource();
4776|            ResolvePlayerToolManagerCold();
4777|            ResolvePlayerTransportCoordinatorCold();
4778|            ResolveSwimPresentationControllerCold();
4779|            ResolveUnderwaterVisualsCold();
4780|            ResolveInputManagerBinding();
4781|            EnsurePlayerRuntimeSubsystems();
4782|            EnsurePlayerKinematicsNativeState();
4783|            EnsureCinematicFocusBlackBox();
4784|            RefreshCinematicFocusTierGateCold();
4785|            _playerKinematicsTelemetryDumpedThisFault = false;
4786|            if (_rb != null)
4787|            {
4788|                _playerState.SyncKinematic(ResolveBodyRuntimePosition(), ResolveAuthoritativeLinearVelocity(Vector3.zero));
4789|                RecordLastValidAup(_playerState.AbsolutePosition);
4790|            }
4791|            if (_cameraRig != null)
4792|                _cameraRig.Bind(playerCamera, _cameraComponent);
4793|            ToggleBuoyancy(true);
4794|            if (!_registeredOriginShiftListener)
4795|            {
4796|                HectonFloatingOrigin.RegisterListener(this);
4797|                _registeredOriginShiftListener = HectonFloatingOrigin.IsListenerRegistered(this);
4798|            }
4799|            TryRegisterToDispatchers();
4800|        }
4801|
4802|        private void Start()
4803|        {
4804|            if (_survivalSystem == null)
4805|                TryGetComponent(out _survivalSystem);
4806|
4807|            OnDependencyInject();
4808|            if (_registeredTick && _registeredFixedTick && _registeredLateFrameTick) return;
4809|            TryRegisterToDispatchers();
4810|
4811|            BindInventoryLoadSource();
4812|            ResolveInputManagerBinding();
4813|            if (useCrestOceanHeight && !_crestAvailable)
4814|                InitOceanKinematics();
4815|        }
4816|
4817|        private void OnDisable()
4818|        {
4819|            SargassumGlobalDragManager.Unregister(this);
4820|            SpectrumEvents.UnregisterSonarPingListener(this);
4821|            TryUnregisterDependencyRebinds();
4822|            UnregisterPlayerMovementContracts();
4823|            UnbindInventoryLoadSource();
4824|            UnsubscribeFromInput();
4825|            _cachedMoveInput = Vector2.zero;
FILE Assets/_Project/Scripts/HectonPlayerMovement.cs 5015 5040
5015|            {
5016|                HectonFloatingOrigin.UnregisterListener(this);
5017|                _registeredOriginShiftListener = false;
5018|            }
5019|
5020|            if (_registeredTick)
5021|            {
5022|                GlobalRegistry.UnregisterUpdatable(this, PriorityLayer.Player);
5023|                _registeredTick = false;
5024|            }
5025|
5026|            if (_registeredFixedTick)
5027|            {
5028|                GlobalRegistry.UnregisterFixedTickable(this, PriorityLayer.Player);
5029|                _registeredFixedTick = false;
5030|            }
5031|
5032|            if (_registeredColdTick)
5033|            {
5034|                GlobalRegistry.UnregisterColdTickable(this, PriorityLayer.Player);
5035|                _registeredColdTick = false;
5036|            }
5037|
5038|            if (_registeredLateFrameTick)
5039|            {
5040|                GlobalRegistry.UnregisterLateFrameTickable(this, PriorityLayer.Player);
FILE Assets/_Project/Scripts/UI/PauseMenuController.cs 740 780
740|        {
741|            if (restorePlayerInput)
742|            {
743|                Cursor.lockState = CursorLockMode.Locked;
744|                Cursor.visible = false;
745|                return;
746|            }
747|
748|            Cursor.lockState = CursorLockMode.None;
749|            Cursor.visible = false;
750|        }
751|
752|        private static void RegisterOpenMenu()
753|        {
754|            if (_openMenuCount < int.MaxValue)
755|                _openMenuCount++;
756|        }
757|
758|        private static void UnregisterOpenMenu()
759|        {
760|            if (_openMenuCount > 0)
761|                _openMenuCount--;
762|        }
763|
764|        private bool ShouldRestorePlayerInputOnDisable()
765|        {
766|            if (!Application.isPlaying)
767|                return false;
768|
769|            IInputService inputService = _cachedInputService;
770|            return inputService != null && inputService.IsInitialized;
771|        }
772|
773|        private void AutoResolve()
774|        {
775|            if (playerPDA == null)
776|            {
777|                if (GameBootstrapper.TryGetCurrentPlayerTransform(out Transform playerTransform) &&
778|                    playerTransform != null)
779|                {
780|                    IPlayerRuntimeContext playerContext = _cachedPlayerContext;
FILE Assets/_Project/Scripts/Bootstrap/GameBootstrapper.cs 3155 3180
3155|                                "' (remain on bootstrap; ecology runner does not need 01_MAIN_MENU / gameplay scene).");
3156|                        }
3157|
3158|                        GameStartContextHolder.Reset();
3159|                        BootstrapStatus.MarkMainMenuReached();
3160|                        // Headless short-circuit previously only MarkMainMenuReached.
3161|                        // SystemDispatcher.ShouldSkipLaneDuringBootstrap skips PriorityLayer.Player
3162|                        // while !BootstrapState.IsGameReady. LateFrame biomass drain is on Player
3163|                        // (HeadlessSimulationRunner), so ecology never advances without this.
3164|                        // Full ExecuteSceneActivationAsync publishes GameReady~7749; headless must mirror.
3165|                        BootstrapState.PublishGameReady(true);
3166|                        BootstrapState.PublishBootstrapPresence(false);
3167|                        Debug.Log("[GameBootstrapper-DEBUG] Headless SceneActivate short-circuit: MarkMainMenuReached + PublishGameReady on bootstrap");
3168|                        return true;
3169|                    }
3170|
3171|                    if (TryResolveBootstrapGameplayHandoffScene(out string gameplaySceneName))
3172|                    {
3173|                        Debug.Log("[GameBootstrapper-DEBUG] LoadGameplaySceneFromBootstrapHandoffAsync");
3174|                        return await LoadGameplaySceneFromBootstrapHandoffAsync(gameplaySceneName, ct);
3175|                    }
3176|
3177|                    GameStartContextHolder.Reset();
3178|
3179|#if UNITY_EDITOR
3180|                    if (HectonForceSandboxScene)
FILE Assets/_Project/Scripts/Editor/Diagnostics/H8_HeadlessWorldDriver.cs 2668 2705
2668|            // Pause — public Close -> ApplyClosedState(restorePlayerInput: true).
2669|            if (Hecton8.UI.PauseMenuController.IsAnyOpen)
2670|            {
2671|                Hecton8.UI.PauseMenuController pause = Hecton8.UI.PauseMenuController.ActiveRuntimeInstance;
2672|                if (pause != null)
2673|                    pause.Close();
2674|            }
2675|
2676|            // Fabricator — public ForceCloseMenu (product API added for this path).
2677|            if (Hecton8.UI.HectonFabricatorUI.IsMenuOpen)
2678|            {
2679|                Hecton8.UI.HectonFabricatorUI fab =
2680|                    UnityEngine.Object.FindFirstObjectByType<Hecton8.UI.HectonFabricatorUI>();
2681|                if (fab != null)
2682|                    fab.ForceCloseMenu();
2683|            }
2684|
2685|            IInputService input = GlobalRegistry.RegisteredInput;
2686|            if (input != null)
2687|            {
2688|                input.SwitchToPlayerInput();
2689|                _switchedToPlayerInput = true;
2690|            }
2691|
2692|            // L13: Re-assert HPM Player fixed-tick registration so SampleGameplay/GetState (hop2)
2693|            // runs during Swim. Suit/juice no longer gate sampling (HPM FixedTick L13), but a
2694|            // missed TryRegisterFixedTickable still starves the entire locomotion read path.
2695|            // Fully-qualify type: editor asm has no using Hecton8.Gameplay (CS0246 on bare name).
2696|            Hecton8.Gameplay.HectonPlayerMovement movement =
2697|                _movement
2698|                ?? UnityEngine.Object.FindFirstObjectByType<Hecton8.Gameplay.HectonPlayerMovement>();
2699|            if (movement != null)
2700|            {
2701|                movement.EnsureDispatcherRegistration();
2702|                if (_movement == null)
2703|                    _movement = movement;
2704|            }
2705|        }
