  Determining projects to restore...
  All projects are up-to-date for restore.
/app/Assets/_Project/Scripts/SaveBinaryStorage.cs(8,15): error CS0234: The type or namespace name 'Core' does not exist in the namespace 'Hecton8' (are you missing an assembly reference?) [/app/Dummy.csproj]
/app/Assets/_Project/Scripts/SaveBinaryStorage.cs(9,15): error CS0234: The type or namespace name 'Core' does not exist in the namespace 'Hecton8' (are you missing an assembly reference?) [/app/Dummy.csproj]
/app/Assets/_Project/Scripts/SaveBinaryStorage.cs(10,15): error CS0234: The type or namespace name 'Core' does not exist in the namespace 'Hecton8' (are you missing an assembly reference?) [/app/Dummy.csproj]
/app/Assets/_Project/Scripts/SaveBinaryStorage.cs(11,15): error CS0234: The type or namespace name 'Core' does not exist in the namespace 'Hecton8' (are you missing an assembly reference?) [/app/Dummy.csproj]
/app/Assets/_Project/Scripts/SaveBinaryStorage.cs(12,15): error CS0234: The type or namespace name 'Quest' does not exist in the namespace 'Hecton8' (are you missing an assembly reference?) [/app/Dummy.csproj]
/app/Assets/_Project/Scripts/SaveBinaryStorage.cs(13,15): error CS0234: The type or namespace name 'World' does not exist in the namespace 'Hecton8' (are you missing an assembly reference?) [/app/Dummy.csproj]
/app/Assets/_Project/Scripts/SaveBinaryStorage.cs(14,7): error CS0246: The type or namespace name 'Unity' could not be found (are you missing a using directive or an assembly reference?) [/app/Dummy.csproj]
/app/Assets/_Project/Scripts/SaveBinaryStorage.cs(15,7): error CS0246: The type or namespace name 'Unity' could not be found (are you missing a using directive or an assembly reference?) [/app/Dummy.csproj]
/app/Assets/_Project/Scripts/SaveBinaryStorage.cs(16,7): error CS0246: The type or namespace name 'Unity' could not be found (are you missing a using directive or an assembly reference?) [/app/Dummy.csproj]
/app/Assets/_Project/Scripts/SaveBinaryStorage.cs(17,7): error CS0246: The type or namespace name 'Unity' could not be found (are you missing a using directive or an assembly reference?) [/app/Dummy.csproj]
/app/Assets/_Project/Scripts/SaveBinaryStorage.cs(18,7): error CS0246: The type or namespace name 'Unity' could not be found (are you missing a using directive or an assembly reference?) [/app/Dummy.csproj]
/app/Assets/_Project/Scripts/SaveBinaryStorage.cs(19,7): error CS0246: The type or namespace name 'UnityEngine' could not be found (are you missing a using directive or an assembly reference?) [/app/Dummy.csproj]
/app/Assets/_Project/Scripts/SaveBinaryStorage.cs(407,13): error CS0246: The type or namespace name 'GraphicsBuffer' could not be found (are you missing a using directive or an assembly reference?) [/app/Dummy.csproj]
/app/Assets/_Project/Scripts/SaveBinaryStorage.cs(963,24): error CS0246: The type or namespace name 'NativeArray<>' could not be found (are you missing a using directive or an assembly reference?) [/app/Dummy.csproj]
/app/Assets/_Project/Scripts/SaveBinaryStorage.cs(1014,62): error CS0246: The type or namespace name 'NativeArray<>' could not be found (are you missing a using directive or an assembly reference?) [/app/Dummy.csproj]
/app/Assets/_Project/Scripts/SaveBinaryStorage.cs(1740,13): error CS0246: The type or namespace name 'NativeArray<>' could not be found (are you missing a using directive or an assembly reference?) [/app/Dummy.csproj]
/app/Assets/_Project/Scripts/SaveBinaryStorage.cs(1977,24): error CS0246: The type or namespace name 'NativeArray<>' could not be found (are you missing a using directive or an assembly reference?) [/app/Dummy.csproj]
/app/Assets/_Project/Scripts/SaveBinaryStorage.cs(2176,61): error CS0246: The type or namespace name 'NativeArray<>' could not be found (are you missing a using directive or an assembly reference?) [/app/Dummy.csproj]
/app/Assets/_Project/Scripts/SaveBinaryStorage.cs(2184,71): error CS0246: The type or namespace name 'NativeArray<>' could not be found (are you missing a using directive or an assembly reference?) [/app/Dummy.csproj]
/app/Assets/_Project/Scripts/SaveBinaryStorage.cs(2389,71): error CS0246: The type or namespace name 'NativeArray<>' could not be found (are you missing a using directive or an assembly reference?) [/app/Dummy.csproj]
/app/Assets/_Project/Scripts/SaveBinaryStorage.cs(77,23): error CS0246: The type or namespace name 'NativeAllocationLifetime' could not be found (are you missing a using directive or an assembly reference?) [/app/Dummy.csproj]
/app/Assets/_Project/Scripts/SaveBinaryStorage.cs(2671,13): error CS0246: The type or namespace name 'NativeArrayOptions' could not be found (are you missing a using directive or an assembly reference?) [/app/Dummy.csproj]
/app/Assets/_Project/Scripts/SaveBinaryStorage.cs(2669,24): error CS0246: The type or namespace name 'NativeArray<>' could not be found (are you missing a using directive or an assembly reference?) [/app/Dummy.csproj]
/app/Assets/_Project/Scripts/SaveBinaryStorage.cs(2703,69): error CS0246: The type or namespace name 'NativeArray<>' could not be found (are you missing a using directive or an assembly reference?) [/app/Dummy.csproj]
/app/Assets/_Project/Scripts/SaveBinaryStorage.cs(2714,82): error CS0246: The type or namespace name 'NativeArray<>' could not be found (are you missing a using directive or an assembly reference?) [/app/Dummy.csproj]
/app/Assets/_Project/Scripts/SaveBinaryStorage.cs(27,20): error CS0246: The type or namespace name 'NativeArray<>' could not be found (are you missing a using directive or an assembly reference?) [/app/Dummy.csproj]
/app/Assets/_Project/Scripts/SaveBinaryStorage.cs(2781,13): error CS0246: The type or namespace name 'NativeArrayOptions' could not be found (are you missing a using directive or an assembly reference?) [/app/Dummy.csproj]
/app/Assets/_Project/Scripts/SaveBinaryStorage.cs(2783,13): error CS0246: The type or namespace name 'NativeAllocationLifetime' could not be found (are you missing a using directive or an assembly reference?) [/app/Dummy.csproj]
/app/Assets/_Project/Scripts/SaveBinaryStorage.cs(2790,17): error CS0246: The type or namespace name 'NativeArray<>' could not be found (are you missing a using directive or an assembly reference?) [/app/Dummy.csproj]
/app/Assets/_Project/Scripts/SaveBinaryStorage.cs(2792,13): error CS0246: The type or namespace name 'NativeAllocationLifetime' could not be found (are you missing a using directive or an assembly reference?) [/app/Dummy.csproj]
/app/Assets/_Project/Scripts/SaveBinaryStorage.cs(162,20): error CS0246: The type or namespace name 'NativeArray<>' could not be found (are you missing a using directive or an assembly reference?) [/app/Dummy.csproj]
/app/Assets/_Project/Scripts/SaveBinaryStorage.cs(2805,13): error CS0246: The type or namespace name 'NativeAllocationLifetime' could not be found (are you missing a using directive or an assembly reference?) [/app/Dummy.csproj]
/app/Assets/_Project/Scripts/SaveBinaryStorage.cs(2801,24): error CS0246: The type or namespace name 'NativeList<>' could not be found (are you missing a using directive or an assembly reference?) [/app/Dummy.csproj]
/app/Assets/_Project/Scripts/SaveBinaryStorage.cs(2839,17): error CS0246: The type or namespace name 'NativeList<>' could not be found (are you missing a using directive or an assembly reference?) [/app/Dummy.csproj]
/app/Assets/_Project/Scripts/SaveBinaryStorage.cs(2842,13): error CS0246: The type or namespace name 'NativeAllocationLifetime' could not be found (are you missing a using directive or an assembly reference?) [/app/Dummy.csproj]
/app/Assets/_Project/Scripts/SaveBinaryStorage.cs(2892,13): error CS0246: The type or namespace name 'NativeAllocationLifetime' could not be found (are you missing a using directive or an assembly reference?) [/app/Dummy.csproj]
/app/Assets/_Project/Scripts/SaveBinaryStorage.cs(2888,24): error CS0246: The type or namespace name 'NativeParallelHashMap<,>' could not be found (are you missing a using directive or an assembly reference?) [/app/Dummy.csproj]
/app/Assets/_Project/Scripts/SaveBinaryStorage.cs(2927,17): error CS0246: The type or namespace name 'NativeParallelHashMap<,>' could not be found (are you missing a using directive or an assembly reference?) [/app/Dummy.csproj]
/app/Assets/_Project/Scripts/SaveBinaryStorage.cs(2930,13): error CS0246: The type or namespace name 'NativeAllocationLifetime' could not be found (are you missing a using directive or an assembly reference?) [/app/Dummy.csproj]
/app/Assets/_Project/Scripts/SaveBinaryStorage.cs(3117,85): error CS0246: The type or namespace name 'EntityDataRecord' could not be found (are you missing a using directive or an assembly reference?) [/app/Dummy.csproj]
/app/Assets/_Project/Scripts/SaveBinaryStorage.cs(3139,24): error CS0246: The type or namespace name 'EntityDataRecord' could not be found (are you missing a using directive or an assembly reference?) [/app/Dummy.csproj]
/app/Assets/_Project/Scripts/SaveBinaryStorage.cs(3167,16): error CS0246: The type or namespace name 'AbsoluteUniversePosition' could not be found (are you missing a using directive or an assembly reference?) [/app/Dummy.csproj]
/app/Assets/_Project/Scripts/SaveBinaryStorage.cs(3168,13): error CS0246: The type or namespace name 'int3' could not be found (are you missing a using directive or an assembly reference?) [/app/Dummy.csproj]
/app/Assets/_Project/Scripts/SaveBinaryStorage.cs(3196,13): error CS0246: The type or namespace name 'int3' could not be found (are you missing a using directive or an assembly reference?) [/app/Dummy.csproj]
/app/Assets/_Project/Scripts/SaveBinaryStorage.cs(3195,25): error CS0246: The type or namespace name 'AbsoluteUniversePosition' could not be found (are you missing a using directive or an assembly reference?) [/app/Dummy.csproj]
/app/Assets/_Project/Scripts/SaveBinaryStorage.cs(3232,60): error CS0246: The type or namespace name 'EntityDataRecord' could not be found (are you missing a using directive or an assembly reference?) [/app/Dummy.csproj]
/app/Assets/_Project/Scripts/SaveBinaryStorage.cs(3246,58): error CS0246: The type or namespace name 'AbsoluteUniversePositionBlit128' could not be found (are you missing a using directive or an assembly reference?) [/app/Dummy.csproj]
/app/Assets/_Project/Scripts/SaveBinaryStorage.cs(3269,24): error CS0246: The type or namespace name 'AbsoluteUniversePosition' could not be found (are you missing a using directive or an assembly reference?) [/app/Dummy.csproj]
/app/Assets/_Project/Scripts/SaveBinaryStorage.cs(3281,57): error CS0246: The type or namespace name 'EntityDataRecord' could not be found (are you missing a using directive or an assembly reference?) [/app/Dummy.csproj]
/app/Assets/_Project/Scripts/SaveBinaryStorage.cs(3605,65): error CS0246: The type or namespace name 'NativeArray<>' could not be found (are you missing a using directive or an assembly reference?) [/app/Dummy.csproj]
/app/Assets/_Project/Scripts/SaveBinaryStorage.cs(3708,16): error CS0246: The type or namespace name 'QuestSaveHeader' could not be found (are you missing a using directive or an assembly reference?) [/app/Dummy.csproj]
/app/Assets/_Project/Scripts/SaveBinaryStorage.cs(3863,13): error CS0246: The type or namespace name 'NativeArray<>' could not be found (are you missing a using directive or an assembly reference?) [/app/Dummy.csproj]
/app/Assets/_Project/Scripts/SaveBinaryStorage.cs(4211,13): error CS0246: The type or namespace name 'SaveMetadata' could not be found (are you missing a using directive or an assembly reference?) [/app/Dummy.csproj]
/app/Assets/_Project/Scripts/SaveBinaryStorage.cs(4212,13): error CS0246: The type or namespace name 'SaveData' could not be found (are you missing a using directive or an assembly reference?) [/app/Dummy.csproj]
/app/Assets/_Project/Scripts/SaveBinaryStorage.cs(4213,13): error CS0246: The type or namespace name 'NativeArray<>' could not be found (are you missing a using directive or an assembly reference?) [/app/Dummy.csproj]
/app/Assets/_Project/Scripts/SaveBinaryStorage.cs(4213,25): error CS0246: The type or namespace name 'PersistentWorldDeltaRecord' could not be found (are you missing a using directive or an assembly reference?) [/app/Dummy.csproj]
/app/Assets/_Project/Scripts/SaveBinaryStorage.cs(4214,13): error CS0246: The type or namespace name 'NativeArray<>' could not be found (are you missing a using directive or an assembly reference?) [/app/Dummy.csproj]
/app/Assets/_Project/Scripts/SaveBinaryStorage.cs(4214,25): error CS0246: The type or namespace name 'EcosystemSectorSaveRecord' could not be found (are you missing a using directive or an assembly reference?) [/app/Dummy.csproj]
/app/Assets/_Project/Scripts/SaveBinaryStorage.cs(4215,13): error CS0246: The type or namespace name 'QuestSaveHeader' could not be found (are you missing a using directive or an assembly reference?) [/app/Dummy.csproj]
/app/Assets/_Project/Scripts/SaveBinaryStorage.cs(4216,13): error CS0246: The type or namespace name 'NativeArray<>' could not be found (are you missing a using directive or an assembly reference?) [/app/Dummy.csproj]
/app/Assets/_Project/Scripts/SaveBinaryStorage.cs(4218,13): error CS0246: The type or namespace name 'NativeArray<>' could not be found (are you missing a using directive or an assembly reference?) [/app/Dummy.csproj]
/app/Assets/_Project/Scripts/SaveBinaryStorage.cs(4219,13): error CS0246: The type or namespace name 'NativeArray<>' could not be found (are you missing a using directive or an assembly reference?) [/app/Dummy.csproj]
/app/Assets/_Project/Scripts/SaveBinaryStorage.cs(4220,13): error CS0246: The type or namespace name 'NativeArray<>' could not be found (are you missing a using directive or an assembly reference?) [/app/Dummy.csproj]
/app/Assets/_Project/Scripts/SaveBinaryStorage.cs(4246,13): error CS0246: The type or namespace name 'NativeArray<>' could not be found (are you missing a using directive or an assembly reference?) [/app/Dummy.csproj]
/app/Assets/_Project/Scripts/SaveBinaryStorage.cs(4247,13): error CS0246: The type or namespace name 'NativeArray<>' could not be found (are you missing a using directive or an assembly reference?) [/app/Dummy.csproj]
/app/Assets/_Project/Scripts/SaveBinaryStorage.cs(4248,17): error CS0246: The type or namespace name 'SaveMetadata' could not be found (are you missing a using directive or an assembly reference?) [/app/Dummy.csproj]
/app/Assets/_Project/Scripts/SaveBinaryStorage.cs(4312,13): error CS0246: The type or namespace name 'SaveMetadata' could not be found (are you missing a using directive or an assembly reference?) [/app/Dummy.csproj]
/app/Assets/_Project/Scripts/SaveBinaryStorage.cs(4313,13): error CS0246: The type or namespace name 'SaveData' could not be found (are you missing a using directive or an assembly reference?) [/app/Dummy.csproj]
/app/Assets/_Project/Scripts/SaveBinaryStorage.cs(4314,13): error CS0246: The type or namespace name 'NativeArray<>' could not be found (are you missing a using directive or an assembly reference?) [/app/Dummy.csproj]
/app/Assets/_Project/Scripts/SaveBinaryStorage.cs(4314,25): error CS0246: The type or namespace name 'PersistentWorldDeltaRecord' could not be found (are you missing a using directive or an assembly reference?) [/app/Dummy.csproj]
/app/Assets/_Project/Scripts/SaveBinaryStorage.cs(4315,13): error CS0246: The type or namespace name 'NativeArray<>' could not be found (are you missing a using directive or an assembly reference?) [/app/Dummy.csproj]
/app/Assets/_Project/Scripts/SaveBinaryStorage.cs(4315,25): error CS0246: The type or namespace name 'EcosystemSectorSaveRecord' could not be found (are you missing a using directive or an assembly reference?) [/app/Dummy.csproj]
/app/Assets/_Project/Scripts/SaveBinaryStorage.cs(4316,13): error CS0246: The type or namespace name 'QuestSaveHeader' could not be found (are you missing a using directive or an assembly reference?) [/app/Dummy.csproj]
/app/Assets/_Project/Scripts/SaveBinaryStorage.cs(4317,13): error CS0246: The type or namespace name 'NativeArray<>' could not be found (are you missing a using directive or an assembly reference?) [/app/Dummy.csproj]
/app/Assets/_Project/Scripts/SaveBinaryStorage.cs(4319,13): error CS0246: The type or namespace name 'NativeArray<>' could not be found (are you missing a using directive or an assembly reference?) [/app/Dummy.csproj]
/app/Assets/_Project/Scripts/SaveBinaryStorage.cs(4320,13): error CS0246: The type or namespace name 'NativeArray<>' could not be found (are you missing a using directive or an assembly reference?) [/app/Dummy.csproj]
/app/Assets/_Project/Scripts/SaveBinaryStorage.cs(4321,13): error CS0246: The type or namespace name 'NativeArray<>' could not be found (are you missing a using directive or an assembly reference?) [/app/Dummy.csproj]
/app/Assets/_Project/Scripts/SaveBinaryStorage.cs(4828,13): error CS0246: The type or namespace name 'GraphicsBuffer' could not be found (are you missing a using directive or an assembly reference?) [/app/Dummy.csproj]
/app/Assets/_Project/Scripts/SaveBinaryStorage.cs(5020,13): error CS0246: The type or namespace name 'NativeArray<>' could not be found (are you missing a using directive or an assembly reference?) [/app/Dummy.csproj]
/app/Assets/_Project/Scripts/SaveBinaryStorage.cs(5201,13): error CS0246: The type or namespace name 'NativeArray<>' could not be found (are you missing a using directive or an assembly reference?) [/app/Dummy.csproj]
/app/Assets/_Project/Scripts/SaveBinaryStorage.cs(5268,17): error CS0246: The type or namespace name 'PersistentWorldDeltaRecord' could not be found (are you missing a using directive or an assembly reference?) [/app/Dummy.csproj]
/app/Assets/_Project/Scripts/SaveBinaryStorage.cs(5369,13): error CS0246: The type or namespace name 'NativeArray<>' could not be found (are you missing a using directive or an assembly reference?) [/app/Dummy.csproj]
/app/Assets/_Project/Scripts/SaveBinaryStorage.cs(5372,17): error CS0246: The type or namespace name 'SaveMetadata' could not be found (are you missing a using directive or an assembly reference?) [/app/Dummy.csproj]
/app/Assets/_Project/Scripts/SaveBinaryStorage.cs(5472,13): error CS0246: The type or namespace name 'NativeArray<>' could not be found (are you missing a using directive or an assembly reference?) [/app/Dummy.csproj]
/app/Assets/_Project/Scripts/SaveBinaryStorage.cs(5475,13): error CS0246: The type or namespace name 'NativeArray<>' could not be found (are you missing a using directive or an assembly reference?) [/app/Dummy.csproj]
/app/Assets/_Project/Scripts/SaveBinaryStorage.cs(5476,17): error CS0246: The type or namespace name 'SaveData' could not be found (are you missing a using directive or an assembly reference?) [/app/Dummy.csproj]
/app/Assets/_Project/Scripts/SaveBinaryStorage.cs(5477,17): error CS0246: The type or namespace name 'QuestSaveHeader' could not be found (are you missing a using directive or an assembly reference?) [/app/Dummy.csproj]
/app/Assets/_Project/Scripts/SaveBinaryStorage.cs(5479,17): error CS0246: The type or namespace name 'PersistentWorldDeltaRecord' could not be found (are you missing a using directive or an assembly reference?) [/app/Dummy.csproj]
/app/Assets/_Project/Scripts/SaveBinaryStorage.cs(5480,17): error CS0246: The type or namespace name 'EcosystemSectorSaveRecord' could not be found (are you missing a using directive or an assembly reference?) [/app/Dummy.csproj]
/app/Assets/_Project/Scripts/SaveBinaryStorage.cs(5483,17): error CS0246: The type or namespace name 'SaveMetadata' could not be found (are you missing a using directive or an assembly reference?) [/app/Dummy.csproj]
/app/Assets/_Project/Scripts/SaveBinaryStorage.cs(5986,13): error CS0246: The type or namespace name 'NativeArray<>' could not be found (are you missing a using directive or an assembly reference?) [/app/Dummy.csproj]
/app/Assets/_Project/Scripts/SaveBinaryStorage.cs(5987,13): error CS0246: The type or namespace name 'NativeList<>' could not be found (are you missing a using directive or an assembly reference?) [/app/Dummy.csproj]
/app/Assets/_Project/Scripts/SaveBinaryStorage.cs(5987,24): error CS0246: The type or namespace name 'PersistentWorldDeltaRecord' could not be found (are you missing a using directive or an assembly reference?) [/app/Dummy.csproj]
/app/Assets/_Project/Scripts/SaveBinaryStorage.cs(6052,13): error CS0246: The type or namespace name 'NativeList<>' could not be found (are you missing a using directive or an assembly reference?) [/app/Dummy.csproj]
/app/Assets/_Project/Scripts/SaveBinaryStorage.cs(6052,24): error CS0246: The type or namespace name 'PersistentWorldDeltaRecord' could not be found (are you missing a using directive or an assembly reference?) [/app/Dummy.csproj]
/app/Assets/_Project/Scripts/SaveBinaryStorage.cs(6096,13): error CS0246: The type or namespace name 'NativeList<>' could not be found (are you missing a using directive or an assembly reference?) [/app/Dummy.csproj]
/app/Assets/_Project/Scripts/SaveBinaryStorage.cs(6096,24): error CS0246: The type or namespace name 'PersistentWorldDeltaRecord' could not be found (are you missing a using directive or an assembly reference?) [/app/Dummy.csproj]
/app/Assets/_Project/Scripts/SaveBinaryStorage.cs(6131,13): error CS0246: The type or namespace name 'NativeList<>' could not be found (are you missing a using directive or an assembly reference?) [/app/Dummy.csproj]
/app/Assets/_Project/Scripts/SaveBinaryStorage.cs(6131,24): error CS0246: The type or namespace name 'PersistentWorldDeltaRecord' could not be found (are you missing a using directive or an assembly reference?) [/app/Dummy.csproj]
/app/Assets/_Project/Scripts/SaveBinaryStorage.cs(6284,13): error CS0246: The type or namespace name 'NativeArray<>' could not be found (are you missing a using directive or an assembly reference?) [/app/Dummy.csproj]
/app/Assets/_Project/Scripts/SaveBinaryStorage.cs(6284,25): error CS0246: The type or namespace name 'PersistentWorldDeltaRecord' could not be found (are you missing a using directive or an assembly reference?) [/app/Dummy.csproj]
/app/Assets/_Project/Scripts/SaveBinaryStorage.cs(6421,17): error CS0246: The type or namespace name 'PersistentWorldDeltaRecord' could not be found (are you missing a using directive or an assembly reference?) [/app/Dummy.csproj]
/app/Assets/_Project/Scripts/SaveBinaryStorage.cs(6498,13): error CS0246: The type or namespace name 'NativeArray<>' could not be found (are you missing a using directive or an assembly reference?) [/app/Dummy.csproj]
/app/Assets/_Project/Scripts/SaveBinaryStorage.cs(6498,25): error CS0246: The type or namespace name 'EntityDataRecord' could not be found (are you missing a using directive or an assembly reference?) [/app/Dummy.csproj]
/app/Assets/_Project/Scripts/SaveBinaryStorage.cs(6519,13): error CS0246: The type or namespace name 'NativeArray<>' could not be found (are you missing a using directive or an assembly reference?) [/app/Dummy.csproj]
/app/Assets/_Project/Scripts/SaveBinaryStorage.cs(6519,25): error CS0246: The type or namespace name 'EntityDataRecord' could not be found (are you missing a using directive or an assembly reference?) [/app/Dummy.csproj]
/app/Assets/_Project/Scripts/SaveBinaryStorage.cs(6779,13): error CS0246: The type or namespace name 'JobHandle' could not be found (are you missing a using directive or an assembly reference?) [/app/Dummy.csproj]
/app/Assets/_Project/Scripts/SaveBinaryStorage.cs(6777,25): error CS0246: The type or namespace name 'JobHandle' could not be found (are you missing a using directive or an assembly reference?) [/app/Dummy.csproj]
/app/Assets/_Project/Scripts/SaveBinaryStorage.cs(6790,17): error CS0246: The type or namespace name 'EntityDataRecord' could not be found (are you missing a using directive or an assembly reference?) [/app/Dummy.csproj]
/app/Assets/_Project/Scripts/SaveBinaryStorage.cs(6921,71): error CS0246: The type or namespace name 'AbsoluteUniversePosition' could not be found (are you missing a using directive or an assembly reference?) [/app/Dummy.csproj]
/app/Assets/_Project/Scripts/SaveBinaryStorage.cs(6928,70): error CS0246: The type or namespace name 'AbsoluteUniversePosition' could not be found (are you missing a using directive or an assembly reference?) [/app/Dummy.csproj]
/app/Assets/_Project/Scripts/SaveBinaryStorage.cs(6928,109): error CS0246: The type or namespace name 'int2' could not be found (are you missing a using directive or an assembly reference?) [/app/Dummy.csproj]
/app/Assets/_Project/Scripts/SaveBinaryStorage.cs(6936,24): error CS0246: The type or namespace name 'int2' could not be found (are you missing a using directive or an assembly reference?) [/app/Dummy.csproj]
/app/Assets/_Project/Scripts/SaveBinaryStorage.cs(6941,94): error CS0246: The type or namespace name 'AbsoluteUniversePosition' could not be found (are you missing a using directive or an assembly reference?) [/app/Dummy.csproj]
/app/Assets/_Project/Scripts/SaveBinaryStorage.cs(7082,13): error CS0246: The type or namespace name 'NativeArray<>' could not be found (are you missing a using directive or an assembly reference?) [/app/Dummy.csproj]
/app/Assets/_Project/Scripts/SaveBinaryStorage.cs(7302,13): error CS0246: The type or namespace name 'NativeArray<>' could not be found (are you missing a using directive or an assembly reference?) [/app/Dummy.csproj]
/app/Assets/_Project/Scripts/SaveBinaryStorage.cs(7418,13): error CS0246: The type or namespace name 'NativeArray<>' could not be found (are you missing a using directive or an assembly reference?) [/app/Dummy.csproj]
/app/Assets/_Project/Scripts/SaveBinaryStorage.cs(7480,13): error CS0246: The type or namespace name 'NativeArray<>' could not be found (are you missing a using directive or an assembly reference?) [/app/Dummy.csproj]
/app/Assets/_Project/Scripts/SaveBinaryStorage.cs(7504,13): error CS0246: The type or namespace name 'NativeArray<>' could not be found (are you missing a using directive or an assembly reference?) [/app/Dummy.csproj]
/app/Assets/_Project/Scripts/SaveBinaryStorage.cs(7565,13): error CS0246: The type or namespace name 'NativeArray<>' could not be found (are you missing a using directive or an assembly reference?) [/app/Dummy.csproj]
/app/Assets/_Project/Scripts/SaveBinaryStorage.cs(7567,13): error CS0246: The type or namespace name 'NativeArray<>' could not be found (are you missing a using directive or an assembly reference?) [/app/Dummy.csproj]
/app/Assets/_Project/Scripts/SaveBinaryStorage.cs(7662,17): error CS0246: The type or namespace name 'NativeArray<>' could not be found (are you missing a using directive or an assembly reference?) [/app/Dummy.csproj]
/app/Assets/_Project/Scripts/SaveBinaryStorage.cs(77,71): error CS0103: The name 'NativeAllocationLifetime' does not exist in the current context [/app/Dummy.csproj]
/app/Assets/_Project/Scripts/SaveBinaryStorage.cs(8090,13): error CS0246: The type or namespace name 'NativeArray<>' could not be found (are you missing a using directive or an assembly reference?) [/app/Dummy.csproj]
/app/Assets/_Project/Scripts/SaveBinaryStorage.cs(8091,13): error CS0246: The type or namespace name 'NativeArray<>' could not be found (are you missing a using directive or an assembly reference?) [/app/Dummy.csproj]
/app/Assets/_Project/Scripts/SaveBinaryStorage.cs(8141,13): error CS0246: The type or namespace name 'NativeArray<>' could not be found (are you missing a using directive or an assembly reference?) [/app/Dummy.csproj]
/app/Assets/_Project/Scripts/SaveBinaryStorage.cs(8254,13): error CS0246: The type or namespace name 'NativeArray<>' could not be found (are you missing a using directive or an assembly reference?) [/app/Dummy.csproj]
/app/Assets/_Project/Scripts/SaveBinaryStorage.cs(8255,13): error CS0246: The type or namespace name 'NativeArray<>' could not be found (are you missing a using directive or an assembly reference?) [/app/Dummy.csproj]
/app/Assets/_Project/Scripts/SaveBinaryStorage.cs(8256,13): error CS0246: The type or namespace name 'NativeArray<>' could not be found (are you missing a using directive or an assembly reference?) [/app/Dummy.csproj]
/app/Assets/_Project/Scripts/SaveBinaryStorage.cs(8257,17): error CS0246: The type or namespace name 'SaveData' could not be found (are you missing a using directive or an assembly reference?) [/app/Dummy.csproj]
/app/Assets/_Project/Scripts/SaveBinaryStorage.cs(8258,17): error CS0246: The type or namespace name 'QuestSaveHeader' could not be found (are you missing a using directive or an assembly reference?) [/app/Dummy.csproj]
/app/Assets/_Project/Scripts/SaveBinaryStorage.cs(8260,17): error CS0246: The type or namespace name 'PersistentWorldDeltaRecord' could not be found (are you missing a using directive or an assembly reference?) [/app/Dummy.csproj]
/app/Assets/_Project/Scripts/SaveBinaryStorage.cs(8261,17): error CS0246: The type or namespace name 'EcosystemSectorSaveRecord' could not be found (are you missing a using directive or an assembly reference?) [/app/Dummy.csproj]
/app/Assets/_Project/Scripts/SaveBinaryStorage.cs(8264,17): error CS0246: The type or namespace name 'SaveMetadata' could not be found (are you missing a using directive or an assembly reference?) [/app/Dummy.csproj]
/app/Assets/_Project/Scripts/SaveBinaryStorage.cs(8453,79): error CS0246: The type or namespace name 'NativeArray<>' could not be found (are you missing a using directive or an assembly reference?) [/app/Dummy.csproj]
/app/Assets/_Project/Scripts/SaveBinaryStorage.cs(8701,13): error CS0246: The type or namespace name 'NativeArray<>' could not be found (are you missing a using directive or an assembly reference?) [/app/Dummy.csproj]
/app/Assets/_Project/Scripts/SaveBinaryStorage.cs(9047,65): error CS0246: The type or namespace name 'PersistentWorldDeltaRecord' could not be found (are you missing a using directive or an assembly reference?) [/app/Dummy.csproj]
/app/Assets/_Project/Scripts/SaveBinaryStorage.cs(9054,13): error CS0246: The type or namespace name 'NativeArray<>' could not be found (are you missing a using directive or an assembly reference?) [/app/Dummy.csproj]
/app/Assets/_Project/Scripts/SaveBinaryStorage.cs(9054,25): error CS0246: The type or namespace name 'PersistentWorldDeltaRecord' could not be found (are you missing a using directive or an assembly reference?) [/app/Dummy.csproj]
/app/Assets/_Project/Scripts/SaveBinaryStorage.cs(9094,13): error CS0246: The type or namespace name 'PersistentWorldDeltaRecord' could not be found (are you missing a using directive or an assembly reference?) [/app/Dummy.csproj]
/app/Assets/_Project/Scripts/SaveBinaryStorage.cs(9133,44): error CS0246: The type or namespace name 'int2' could not be found (are you missing a using directive or an assembly reference?) [/app/Dummy.csproj]
/app/Assets/_Project/Scripts/SaveBinaryStorage.cs(9138,74): error CS0246: The type or namespace name 'NativeArray<>' could not be found (are you missing a using directive or an assembly reference?) [/app/Dummy.csproj]
/app/Assets/_Project/Scripts/SaveBinaryStorage.cs(9138,86): error CS0246: The type or namespace name 'PersistentWorldDeltaRecord' could not be found (are you missing a using directive or an assembly reference?) [/app/Dummy.csproj]
/app/Assets/_Project/Scripts/SaveBinaryStorage.cs(9254,13): error CS0246: The type or namespace name 'NativeArray<>' could not be found (are you missing a using directive or an assembly reference?) [/app/Dummy.csproj]
/app/Assets/_Project/Scripts/SaveBinaryStorage.cs(9255,13): error CS0246: The type or namespace name 'NativeList<>' could not be found (are you missing a using directive or an assembly reference?) [/app/Dummy.csproj]
/app/Assets/_Project/Scripts/SaveBinaryStorage.cs(9511,13): error CS0246: The type or namespace name 'NativeArray<>' could not be found (are you missing a using directive or an assembly reference?) [/app/Dummy.csproj]
/app/Assets/_Project/Scripts/SaveBinaryStorage.cs(9512,13): error CS0246: The type or namespace name 'NativeArray<>' could not be found (are you missing a using directive or an assembly reference?) [/app/Dummy.csproj]
/app/Assets/_Project/Scripts/SaveBinaryStorage.cs(9514,17): error CS0246: The type or namespace name 'PayloadPrefixInfo' could not be found (are you missing a using directive or an assembly reference?) [/app/Dummy.csproj]
/app/Assets/_Project/Scripts/SaveBinaryStorage.cs(9750,17): error CS0246: The type or namespace name 'QuestSaveHeader' could not be found (are you missing a using directive or an assembly reference?) [/app/Dummy.csproj]
/app/Assets/_Project/Scripts/SaveBinaryStorage.cs(9826,17): error CS0246: The type or namespace name 'PersistentWorldDeltaRecord' could not be found (are you missing a using directive or an assembly reference?) [/app/Dummy.csproj]
/app/Assets/_Project/Scripts/SaveBinaryStorage.cs(9925,13): error CS0246: The type or namespace name 'NativeArray<>' could not be found (are you missing a using directive or an assembly reference?) [/app/Dummy.csproj]
/app/Assets/_Project/Scripts/SaveBinaryStorage.cs(9969,13): error CS0246: The type or namespace name 'NativeArray<>' could not be found (are you missing a using directive or an assembly reference?) [/app/Dummy.csproj]
/app/Assets/_Project/Scripts/SaveBinaryStorage.cs(9969,25): error CS0246: The type or namespace name 'PersistentWorldDeltaRecord' could not be found (are you missing a using directive or an assembly reference?) [/app/Dummy.csproj]
/app/Assets/_Project/Scripts/SaveBinaryStorage.cs(9970,17): error CS0246: The type or namespace name 'NativeParallelHashMap<,>' could not be found (are you missing a using directive or an assembly reference?) [/app/Dummy.csproj]
/app/Assets/_Project/Scripts/SaveBinaryStorage.cs(9970,39): error CS0246: The type or namespace name 'int3' could not be found (are you missing a using directive or an assembly reference?) [/app/Dummy.csproj]
/app/Assets/_Project/Scripts/SaveBinaryStorage.cs(9971,17): error CS0246: The type or namespace name 'NativeList<>' could not be found (are you missing a using directive or an assembly reference?) [/app/Dummy.csproj]
/app/Assets/_Project/Scripts/SaveBinaryStorage.cs(9971,28): error CS0246: The type or namespace name 'int3' could not be found (are you missing a using directive or an assembly reference?) [/app/Dummy.csproj]
/app/Assets/_Project/Scripts/SaveBinaryStorage.cs(9972,17): error CS0246: The type or namespace name 'NativeParallelHashMap<,>' could not be found (are you missing a using directive or an assembly reference?) [/app/Dummy.csproj]
/app/Assets/_Project/Scripts/SaveBinaryStorage.cs(9973,17): error CS0246: The type or namespace name 'NativeList<>' could not be found (are you missing a using directive or an assembly reference?) [/app/Dummy.csproj]
/app/Assets/_Project/Scripts/SaveBinaryStorage.cs(10060,13): error CS0246: The type or namespace name 'NativeList<>' could not be found (are you missing a using directive or an assembly reference?) [/app/Dummy.csproj]
/app/Assets/_Project/Scripts/SaveBinaryStorage.cs(10060,24): error CS0246: The type or namespace name 'PersistentWorldDeltaRecord' could not be found (are you missing a using directive or an assembly reference?) [/app/Dummy.csproj]
/app/Assets/_Project/Scripts/SaveBinaryStorage.cs(10063,17): error CS0246: The type or namespace name 'NativeParallelHashMap<,>' could not be found (are you missing a using directive or an assembly reference?) [/app/Dummy.csproj]
/app/Assets/_Project/Scripts/SaveBinaryStorage.cs(10063,39): error CS0246: The type or namespace name 'int3' could not be found (are you missing a using directive or an assembly reference?) [/app/Dummy.csproj]
/app/Assets/_Project/Scripts/SaveBinaryStorage.cs(10064,17): error CS0246: The type or namespace name 'NativeList<>' could not be found (are you missing a using directive or an assembly reference?) [/app/Dummy.csproj]
/app/Assets/_Project/Scripts/SaveBinaryStorage.cs(10064,28): error CS0246: The type or namespace name 'int3' could not be found (are you missing a using directive or an assembly reference?) [/app/Dummy.csproj]
/app/Assets/_Project/Scripts/SaveBinaryStorage.cs(10065,17): error CS0246: The type or namespace name 'NativeParallelHashMap<,>' could not be found (are you missing a using directive or an assembly reference?) [/app/Dummy.csproj]
/app/Assets/_Project/Scripts/SaveBinaryStorage.cs(10066,17): error CS0246: The type or namespace name 'NativeList<>' could not be found (are you missing a using directive or an assembly reference?) [/app/Dummy.csproj]
/app/Assets/_Project/Scripts/SaveBinaryStorage.cs(10163,17): error CS0246: The type or namespace name 'NativeParallelHashMap<,>' could not be found (are you missing a using directive or an assembly reference?) [/app/Dummy.csproj]
/app/Assets/_Project/Scripts/SaveBinaryStorage.cs(10163,39): error CS0246: The type or namespace name 'int3' could not be found (are you missing a using directive or an assembly reference?) [/app/Dummy.csproj]
/app/Assets/_Project/Scripts/SaveBinaryStorage.cs(10164,17): error CS0246: The type or namespace name 'NativeList<>' could not be found (are you missing a using directive or an assembly reference?) [/app/Dummy.csproj]
/app/Assets/_Project/Scripts/SaveBinaryStorage.cs(10164,28): error CS0246: The type or namespace name 'int3' could not be found (are you missing a using directive or an assembly reference?) [/app/Dummy.csproj]
/app/Assets/_Project/Scripts/SaveBinaryStorage.cs(10165,17): error CS0246: The type or namespace name 'NativeParallelHashMap<,>' could not be found (are you missing a using directive or an assembly reference?) [/app/Dummy.csproj]
/app/Assets/_Project/Scripts/SaveBinaryStorage.cs(10166,17): error CS0246: The type or namespace name 'NativeList<>' could not be found (are you missing a using directive or an assembly reference?) [/app/Dummy.csproj]
/app/Assets/_Project/Scripts/SaveBinaryStorage.cs(10231,13): error CS0246: The type or namespace name 'NativeArray<>' could not be found (are you missing a using directive or an assembly reference?) [/app/Dummy.csproj]
/app/Assets/_Project/Scripts/SaveBinaryStorage.cs(10231,25): error CS0246: The type or namespace name 'PersistentWorldDeltaRecord' could not be found (are you missing a using directive or an assembly reference?) [/app/Dummy.csproj]
/app/Assets/_Project/Scripts/SaveBinaryStorage.cs(10232,13): error CS0246: The type or namespace name 'NativeParallelHashMap<,>' could not be found (are you missing a using directive or an assembly reference?) [/app/Dummy.csproj]
/app/Assets/_Project/Scripts/SaveBinaryStorage.cs(10232,35): error CS0246: The type or namespace name 'int3' could not be found (are you missing a using directive or an assembly reference?) [/app/Dummy.csproj]
/app/Assets/_Project/Scripts/SaveBinaryStorage.cs(10233,13): error CS0246: The type or namespace name 'NativeList<>' could not be found (are you missing a using directive or an assembly reference?) [/app/Dummy.csproj]
/app/Assets/_Project/Scripts/SaveBinaryStorage.cs(10233,24): error CS0246: The type or namespace name 'int3' could not be found (are you missing a using directive or an assembly reference?) [/app/Dummy.csproj]
/app/Assets/_Project/Scripts/SaveBinaryStorage.cs(10234,13): error CS0246: The type or namespace name 'NativeParallelHashMap<,>' could not be found (are you missing a using directive or an assembly reference?) [/app/Dummy.csproj]
/app/Assets/_Project/Scripts/SaveBinaryStorage.cs(10235,13): error CS0246: The type or namespace name 'NativeList<>' could not be found (are you missing a using directive or an assembly reference?) [/app/Dummy.csproj]
/app/Assets/_Project/Scripts/SaveBinaryStorage.cs(10343,13): error CS0246: The type or namespace name 'NativeList<>' could not be found (are you missing a using directive or an assembly reference?) [/app/Dummy.csproj]
/app/Assets/_Project/Scripts/SaveBinaryStorage.cs(10343,24): error CS0246: The type or namespace name 'PersistentWorldDeltaRecord' could not be found (are you missing a using directive or an assembly reference?) [/app/Dummy.csproj]
/app/Assets/_Project/Scripts/SaveBinaryStorage.cs(10346,13): error CS0246: The type or namespace name 'NativeParallelHashMap<,>' could not be found (are you missing a using directive or an assembly reference?) [/app/Dummy.csproj]
/app/Assets/_Project/Scripts/SaveBinaryStorage.cs(10346,35): error CS0246: The type or namespace name 'int3' could not be found (are you missing a using directive or an assembly reference?) [/app/Dummy.csproj]
/app/Assets/_Project/Scripts/SaveBinaryStorage.cs(10347,13): error CS0246: The type or namespace name 'NativeList<>' could not be found (are you missing a using directive or an assembly reference?) [/app/Dummy.csproj]
/app/Assets/_Project/Scripts/SaveBinaryStorage.cs(10347,24): error CS0246: The type or namespace name 'int3' could not be found (are you missing a using directive or an assembly reference?) [/app/Dummy.csproj]
/app/Assets/_Project/Scripts/SaveBinaryStorage.cs(10348,13): error CS0246: The type or namespace name 'NativeParallelHashMap<,>' could not be found (are you missing a using directive or an assembly reference?) [/app/Dummy.csproj]
/app/Assets/_Project/Scripts/SaveBinaryStorage.cs(10349,13): error CS0246: The type or namespace name 'NativeList<>' could not be found (are you missing a using directive or an assembly reference?) [/app/Dummy.csproj]
/app/Assets/_Project/Scripts/SaveBinaryStorage.cs(10469,17): error CS0246: The type or namespace name 'PersistentWorldDeltaRecord' could not be found (are you missing a using directive or an assembly reference?) [/app/Dummy.csproj]
/app/Assets/_Project/Scripts/SaveBinaryStorage.cs(10641,13): error CS0246: The type or namespace name 'NativeArray<>' could not be found (are you missing a using directive or an assembly reference?) [/app/Dummy.csproj]
/app/Assets/_Project/Scripts/SaveBinaryStorage.cs(10641,25): error CS0246: The type or namespace name 'EcosystemSectorSaveRecord' could not be found (are you missing a using directive or an assembly reference?) [/app/Dummy.csproj]
/app/Assets/_Project/Scripts/SaveBinaryStorage.cs(10691,17): error CS0246: The type or namespace name 'EcosystemSectorSaveRecord' could not be found (are you missing a using directive or an assembly reference?) [/app/Dummy.csproj]
/app/Assets/_Project/Scripts/SaveBinaryStorage.cs(11073,61): error CS0246: The type or namespace name 'NativeArray<>' could not be found (are you missing a using directive or an assembly reference?) [/app/Dummy.csproj]
/app/Assets/_Project/Scripts/SaveBinaryStorage.cs(11249,16): error CS0246: The type or namespace name 'PayloadPrefixInfo' could not be found (are you missing a using directive or an assembly reference?) [/app/Dummy.csproj]
/app/Assets/_Project/Scripts/SaveBinaryStorage.cs(11301,60): error CS0246: The type or namespace name 'Vector3' could not be found (are you missing a using directive or an assembly reference?) [/app/Dummy.csproj]
/app/Assets/_Project/Scripts/SaveBinaryStorage.cs(11301,89): error CS0246: The type or namespace name 'AbsoluteUniversePosition' could not be found (are you missing a using directive or an assembly reference?) [/app/Dummy.csproj]
/app/Assets/_Project/Scripts/SaveBinaryStorage.cs(11317,50): error CS0246: The type or namespace name 'AbsoluteUniversePosition' could not be found (are you missing a using directive or an assembly reference?) [/app/Dummy.csproj]
/app/Assets/_Project/Scripts/SaveBinaryStorage.cs(11317,89): error CS0246: The type or namespace name 'Vector3' could not be found (are you missing a using directive or an assembly reference?) [/app/Dummy.csproj]
/app/Assets/_Project/Scripts/SaveBinaryStorage.cs(2522,20): error CS0246: The type or namespace name 'NativeList<>' could not be found (are you missing a using directive or an assembly reference?) [/app/Dummy.csproj]
/app/Assets/_Project/Scripts/SaveBinaryStorage.cs(2523,20): error CS0246: The type or namespace name 'NativeList<>' could not be found (are you missing a using directive or an assembly reference?) [/app/Dummy.csproj]
/app/Assets/_Project/Scripts/SaveBinaryStorage.cs(2523,31): error CS0246: The type or namespace name 'PersistentWorldDeltaRecord' could not be found (are you missing a using directive or an assembly reference?) [/app/Dummy.csproj]
/app/Assets/_Project/Scripts/SaveBinaryStorage.cs(2569,22): error CS0246: The type or namespace name 'JobHandle' could not be found (are you missing a using directive or an assembly reference?) [/app/Dummy.csproj]
/app/Assets/_Project/Scripts/SaveBinaryStorage.cs(2570,20): error CS0246: The type or namespace name 'NativeArray<>' could not be found (are you missing a using directive or an assembly reference?) [/app/Dummy.csproj]
/app/Assets/_Project/Scripts/SaveBinaryStorage.cs(2570,32): error CS0246: The type or namespace name 'EntityDataRecord' could not be found (are you missing a using directive or an assembly reference?) [/app/Dummy.csproj]
/app/Assets/_Project/Scripts/SaveBinaryStorage.cs(2571,20): error CS0246: The type or namespace name 'NativeArray<>' could not be found (are you missing a using directive or an assembly reference?) [/app/Dummy.csproj]
/app/Assets/_Project/Scripts/SaveBinaryStorage.cs(2572,20): error CS0246: The type or namespace name 'NativeArray<>' could not be found (are you missing a using directive or an assembly reference?) [/app/Dummy.csproj]
/app/Assets/_Project/Scripts/SaveBinaryStorage.cs(2573,20): error CS0246: The type or namespace name 'NativeArray<>' could not be found (are you missing a using directive or an assembly reference?) [/app/Dummy.csproj]
/app/Assets/_Project/Scripts/SaveBinaryStorage.cs(2573,32): error CS0246: The type or namespace name 'EntityDataRecord' could not be found (are you missing a using directive or an assembly reference?) [/app/Dummy.csproj]
/app/Assets/_Project/Scripts/SaveBinaryStorage.cs(2574,22): error CS0246: The type or namespace name 'NativeArray<>' could not be found (are you missing a using directive or an assembly reference?) [/app/Dummy.csproj]
/app/Assets/_Project/Scripts/SaveBinaryStorage.cs(2575,20): error CS0246: The type or namespace name 'NativeArray<>' could not be found (are you missing a using directive or an assembly reference?) [/app/Dummy.csproj]
/app/Assets/_Project/Scripts/SaveBinaryStorage.cs(2576,20): error CS0246: The type or namespace name 'NativeArray<>' could not be found (are you missing a using directive or an assembly reference?) [/app/Dummy.csproj]
/app/Assets/_Project/Scripts/SaveBinaryStorage.cs(2577,20): error CS0246: The type or namespace name 'NativeArray<>' could not be found (are you missing a using directive or an assembly reference?) [/app/Dummy.csproj]
/app/Assets/_Project/Scripts/SaveBinaryStorage.cs(2578,20): error CS0246: The type or namespace name 'NativeArray<>' could not be found (are you missing a using directive or an assembly reference?) [/app/Dummy.csproj]
/app/Assets/_Project/Scripts/SaveBinaryStorage.cs(2585,17): error CS0246: The type or namespace name 'NativeArrayOptions' could not be found (are you missing a using directive or an assembly reference?) [/app/Dummy.csproj]
/app/Assets/_Project/Scripts/SaveBinaryStorage.cs(2582,29): error CS0246: The type or namespace name 'NativeArray<>' could not be found (are you missing a using directive or an assembly reference?) [/app/Dummy.csproj]
/app/Assets/_Project/Scripts/SaveBinaryStorage.cs(2636,63): error CS0246: The type or namespace name 'NativeArray<>' could not be found (are you missing a using directive or an assembly reference?) [/app/Dummy.csproj]
/app/Assets/_Project/Scripts/SaveBinaryStorage.cs(2659,48): error CS0246: The type or namespace name 'JobHandle' could not be found (are you missing a using directive or an assembly reference?) [/app/Dummy.csproj]
/app/Assets/_Project/Scripts/SaveBinaryStorage.cs(2659,22): error CS0246: The type or namespace name 'JobHandle' could not be found (are you missing a using directive or an assembly reference?) [/app/Dummy.csproj]
/app/Assets/_Project/Scripts/SaveBinaryStorage.cs(2727,21): error CS0246: The type or namespace name 'NativeAllocationLifetime' could not be found (are you missing a using directive or an assembly reference?) [/app/Dummy.csproj]
/app/Assets/_Project/Scripts/SaveBinaryStorage.cs(2729,20): error CS0246: The type or namespace name 'NativeArray<>' could not be found (are you missing a using directive or an assembly reference?) [/app/Dummy.csproj]
/app/Assets/_Project/Scripts/SaveBinaryStorage.cs(2733,17): error CS0246: The type or namespace name 'NativeArrayOptions' could not be found (are you missing a using directive or an assembly reference?) [/app/Dummy.csproj]
/app/Assets/_Project/Scripts/SaveBinaryStorage.cs(2735,17): error CS0246: The type or namespace name 'NativeAllocationLifetime' could not be found (are you missing a using directive or an assembly reference?) [/app/Dummy.csproj]
/app/Assets/_Project/Scripts/SaveBinaryStorage.cs(2980,20): error CS0246: The type or namespace name 'EntityDataRecord' could not be found (are you missing a using directive or an assembly reference?) [/app/Dummy.csproj]
/app/Assets/_Project/Scripts/SaveBinaryStorage.cs(3004,63): error CS0246: The type or namespace name 'IJobParallelFor' could not be found (are you missing a using directive or an assembly reference?) [/app/Dummy.csproj]
/app/Assets/_Project/Scripts/SaveBinaryStorage.cs(3006,31): error CS0246: The type or namespace name 'NativeArray<>' could not be found (are you missing a using directive or an assembly reference?) [/app/Dummy.csproj]
/app/Assets/_Project/Scripts/SaveBinaryStorage.cs(3006,43): error CS0246: The type or namespace name 'EntityDataRecord' could not be found (are you missing a using directive or an assembly reference?) [/app/Dummy.csproj]
/app/Assets/_Project/Scripts/SaveBinaryStorage.cs(3007,20): error CS0246: The type or namespace name 'NativeArray<>' could not be found (are you missing a using directive or an assembly reference?) [/app/Dummy.csproj]
/app/Assets/_Project/Scripts/SaveBinaryStorage.cs(3024,63): error CS0246: The type or namespace name 'IJob' could not be found (are you missing a using directive or an assembly reference?) [/app/Dummy.csproj]
/app/Assets/_Project/Scripts/SaveBinaryStorage.cs(3026,20): error CS0246: The type or namespace name 'NativeArray<>' could not be found (are you missing a using directive or an assembly reference?) [/app/Dummy.csproj]
/app/Assets/_Project/Scripts/SaveBinaryStorage.cs(3027,20): error CS0246: The type or namespace name 'NativeArray<>' could not be found (are you missing a using directive or an assembly reference?) [/app/Dummy.csproj]
/app/Assets/_Project/Scripts/SaveBinaryStorage.cs(3028,20): error CS0246: The type or namespace name 'NativeArray<>' could not be found (are you missing a using directive or an assembly reference?) [/app/Dummy.csproj]
/app/Assets/_Project/Scripts/SaveBinaryStorage.cs(3029,20): error CS0246: The type or namespace name 'NativeArray<>' could not be found (are you missing a using directive or an assembly reference?) [/app/Dummy.csproj]
/app/Assets/_Project/Scripts/SaveBinaryStorage.cs(3044,17): error CS0246: The type or namespace name 'NativeArray<>' could not be found (are you missing a using directive or an assembly reference?) [/app/Dummy.csproj]
/app/Assets/_Project/Scripts/SaveBinaryStorage.cs(3045,17): error CS0246: The type or namespace name 'NativeArray<>' could not be found (are you missing a using directive or an assembly reference?) [/app/Dummy.csproj]
/app/Assets/_Project/Scripts/SaveBinaryStorage.cs(3078,61): error CS0246: The type or namespace name 'IJobParallelFor' could not be found (are you missing a using directive or an assembly reference?) [/app/Dummy.csproj]
/app/Assets/_Project/Scripts/SaveBinaryStorage.cs(3080,31): error CS0246: The type or namespace name 'NativeArray<>' could not be found (are you missing a using directive or an assembly reference?) [/app/Dummy.csproj]
/app/Assets/_Project/Scripts/SaveBinaryStorage.cs(3081,32): error CS0246: The type or namespace name 'NativeArray<>' could not be found (are you missing a using directive or an assembly reference?) [/app/Dummy.csproj]
/app/Assets/_Project/Scripts/SaveBinaryStorage.cs(3081,44): error CS0246: The type or namespace name 'EntityDataRecord' could not be found (are you missing a using directive or an assembly reference?) [/app/Dummy.csproj]
/app/Assets/_Project/Scripts/SaveBinaryStorage.cs(3090,60): error CS0246: The type or namespace name 'IJobParallelFor' could not be found (are you missing a using directive or an assembly reference?) [/app/Dummy.csproj]
/app/Assets/_Project/Scripts/SaveBinaryStorage.cs(3092,31): error CS0246: The type or namespace name 'NativeArray<>' could not be found (are you missing a using directive or an assembly reference?) [/app/Dummy.csproj]
/app/Assets/_Project/Scripts/SaveBinaryStorage.cs(3092,43): error CS0246: The type or namespace name 'EntityDataRecord' could not be found (are you missing a using directive or an assembly reference?) [/app/Dummy.csproj]
/app/Assets/_Project/Scripts/SaveBinaryStorage.cs(3093,32): error CS0246: The type or namespace name 'NativeArray<>' could not be found (are you missing a using directive or an assembly reference?) [/app/Dummy.csproj]
/app/Assets/_Project/Scripts/SaveBinaryStorage.cs(3104,55): error CS0246: The type or namespace name 'IJob' could not be found (are you missing a using directive or an assembly reference?) [/app/Dummy.csproj]
/app/Assets/_Project/Scripts/SaveBinaryStorage.cs(3106,31): error CS0246: The type or namespace name 'NativeArray<>' could not be found (are you missing a using directive or an assembly reference?) [/app/Dummy.csproj]
/app/Assets/_Project/Scripts/SaveBinaryStorage.cs(3107,20): error CS0246: The type or namespace name 'NativeArray<>' could not be found (are you missing a using directive or an assembly reference?) [/app/Dummy.csproj]
/app/Assets/_Project/Scripts/SaveBinaryStorage.cs(3108,20): error CS0246: The type or namespace name 'NativeArray<>' could not be found (are you missing a using directive or an assembly reference?) [/app/Dummy.csproj]
/app/Assets/_Project/Scripts/SaveBinaryStorage.cs(3503,13): error CS0246: The type or namespace name 'NativeArray<>' could not be found (are you missing a using directive or an assembly reference?) [/app/Dummy.csproj]
/app/Assets/_Project/Scripts/SaveBinaryStorage.cs(3930,20): error CS0246: The type or namespace name 'AbsoluteUniversePosition' could not be found (are you missing a using directive or an assembly reference?) [/app/Dummy.csproj]
/app/Assets/_Project/Scripts/SaveBinaryStorage.cs(4118,37): error CS0246: The type or namespace name 'int3' could not be found (are you missing a using directive or an assembly reference?) [/app/Dummy.csproj]
/app/Assets/_Project/Scripts/SaveBinaryStorage.cs(4131,20): error CS0246: The type or namespace name 'PersistentWorldDeltaRecord' could not be found (are you missing a using directive or an assembly reference?) [/app/Dummy.csproj]
/app/Assets/_Project/Scripts/SaveBinaryStorage.cs(2328,52): error CS0103: The name 'SaveDataMigration_AupV8' does not exist in the current context [/app/Dummy.csproj]
/app/Assets/_Project/Scripts/SaveBinaryStorage.cs(2343,65): error CS0103: The name 'QuestRuntimeLayout' does not exist in the current context [/app/Dummy.csproj]
/app/Assets/_Project/Scripts/SaveBinaryStorage.cs(2344,58): error CS0103: The name 'QuestRuntimeLayout' does not exist in the current context [/app/Dummy.csproj]
/app/Assets/_Project/Scripts/SaveBinaryStorage.cs(2367,58): error CS0103: The name 'SaveBinaryPayloadCodec' does not exist in the current context [/app/Dummy.csproj]
/app/Assets/_Project/Scripts/SaveBinaryStorage.cs(2783,49): error CS0103: The name 'NativeAllocationLifetime' does not exist in the current context [/app/Dummy.csproj]
/app/Assets/_Project/Scripts/SaveBinaryStorage.cs(2805,49): error CS0103: The name 'NativeAllocationLifetime' does not exist in the current context [/app/Dummy.csproj]
/app/Assets/_Project/Scripts/SaveBinaryStorage.cs(2842,49): error CS0103: The name 'NativeAllocationLifetime' does not exist in the current context [/app/Dummy.csproj]
/app/Assets/_Project/Scripts/SaveBinaryStorage.cs(2892,49): error CS0103: The name 'NativeAllocationLifetime' does not exist in the current context [/app/Dummy.csproj]
/app/Assets/_Project/Scripts/SaveBinaryStorage.cs(2930,49): error CS0103: The name 'NativeAllocationLifetime' does not exist in the current context [/app/Dummy.csproj]
/app/Assets/_Project/Scripts/SaveBinaryStorage.cs(2993,10): error CS0246: The type or namespace name 'BinaryBlittableSafeAttribute' could not be found (are you missing a using directive or an assembly reference?) [/app/Dummy.csproj]
/app/Assets/_Project/Scripts/SaveBinaryStorage.cs(2993,10): error CS0246: The type or namespace name 'BinaryBlittableSafe' could not be found (are you missing a using directive or an assembly reference?) [/app/Dummy.csproj]
/app/Assets/_Project/Scripts/SaveBinaryStorage.cs(3003,10): error CS0246: The type or namespace name 'BurstCompileAttribute' could not be found (are you missing a using directive or an assembly reference?) [/app/Dummy.csproj]
/app/Assets/_Project/Scripts/SaveBinaryStorage.cs(3003,10): error CS0246: The type or namespace name 'BurstCompile' could not be found (are you missing a using directive or an assembly reference?) [/app/Dummy.csproj]
/app/Assets/_Project/Scripts/SaveBinaryStorage.cs(3003,64): error CS0103: The name 'FloatMode' does not exist in the current context [/app/Dummy.csproj]
/app/Assets/_Project/Scripts/SaveBinaryStorage.cs(3003,106): error CS0103: The name 'FloatPrecision' does not exist in the current context [/app/Dummy.csproj]
/app/Assets/_Project/Scripts/SaveBinaryStorage.cs(3006,14): error CS0246: The type or namespace name 'ReadOnlyAttribute' could not be found (are you missing a using directive or an assembly reference?) [/app/Dummy.csproj]
/app/Assets/_Project/Scripts/SaveBinaryStorage.cs(3006,14): error CS0246: The type or namespace name 'ReadOnly' could not be found (are you missing a using directive or an assembly reference?) [/app/Dummy.csproj]
/app/Assets/_Project/Scripts/SaveBinaryStorage.cs(3023,10): error CS0246: The type or namespace name 'BurstCompileAttribute' could not be found (are you missing a using directive or an assembly reference?) [/app/Dummy.csproj]
/app/Assets/_Project/Scripts/SaveBinaryStorage.cs(3023,10): error CS0246: The type or namespace name 'BurstCompile' could not be found (are you missing a using directive or an assembly reference?) [/app/Dummy.csproj]
/app/Assets/_Project/Scripts/SaveBinaryStorage.cs(3023,64): error CS0103: The name 'FloatMode' does not exist in the current context [/app/Dummy.csproj]
/app/Assets/_Project/Scripts/SaveBinaryStorage.cs(3023,106): error CS0103: The name 'FloatPrecision' does not exist in the current context [/app/Dummy.csproj]
/app/Assets/_Project/Scripts/SaveBinaryStorage.cs(3077,10): error CS0246: The type or namespace name 'BurstCompileAttribute' could not be found (are you missing a using directive or an assembly reference?) [/app/Dummy.csproj]
/app/Assets/_Project/Scripts/SaveBinaryStorage.cs(3077,10): error CS0246: The type or namespace name 'BurstCompile' could not be found (are you missing a using directive or an assembly reference?) [/app/Dummy.csproj]
/app/Assets/_Project/Scripts/SaveBinaryStorage.cs(3077,64): error CS0103: The name 'FloatMode' does not exist in the current context [/app/Dummy.csproj]
/app/Assets/_Project/Scripts/SaveBinaryStorage.cs(3077,106): error CS0103: The name 'FloatPrecision' does not exist in the current context [/app/Dummy.csproj]
/app/Assets/_Project/Scripts/SaveBinaryStorage.cs(3080,14): error CS0246: The type or namespace name 'ReadOnlyAttribute' could not be found (are you missing a using directive or an assembly reference?) [/app/Dummy.csproj]
/app/Assets/_Project/Scripts/SaveBinaryStorage.cs(3080,14): error CS0246: The type or namespace name 'ReadOnly' could not be found (are you missing a using directive or an assembly reference?) [/app/Dummy.csproj]
/app/Assets/_Project/Scripts/SaveBinaryStorage.cs(3081,14): error CS0246: The type or namespace name 'WriteOnlyAttribute' could not be found (are you missing a using directive or an assembly reference?) [/app/Dummy.csproj]
/app/Assets/_Project/Scripts/SaveBinaryStorage.cs(3081,14): error CS0246: The type or namespace name 'WriteOnly' could not be found (are you missing a using directive or an assembly reference?) [/app/Dummy.csproj]
/app/Assets/_Project/Scripts/SaveBinaryStorage.cs(3089,10): error CS0246: The type or namespace name 'BurstCompileAttribute' could not be found (are you missing a using directive or an assembly reference?) [/app/Dummy.csproj]
/app/Assets/_Project/Scripts/SaveBinaryStorage.cs(3089,10): error CS0246: The type or namespace name 'BurstCompile' could not be found (are you missing a using directive or an assembly reference?) [/app/Dummy.csproj]
/app/Assets/_Project/Scripts/SaveBinaryStorage.cs(3089,64): error CS0103: The name 'FloatMode' does not exist in the current context [/app/Dummy.csproj]
/app/Assets/_Project/Scripts/SaveBinaryStorage.cs(3089,106): error CS0103: The name 'FloatPrecision' does not exist in the current context [/app/Dummy.csproj]
/app/Assets/_Project/Scripts/SaveBinaryStorage.cs(3092,14): error CS0246: The type or namespace name 'ReadOnlyAttribute' could not be found (are you missing a using directive or an assembly reference?) [/app/Dummy.csproj]
/app/Assets/_Project/Scripts/SaveBinaryStorage.cs(3092,14): error CS0246: The type or namespace name 'ReadOnly' could not be found (are you missing a using directive or an assembly reference?) [/app/Dummy.csproj]
/app/Assets/_Project/Scripts/SaveBinaryStorage.cs(3093,14): error CS0246: The type or namespace name 'WriteOnlyAttribute' could not be found (are you missing a using directive or an assembly reference?) [/app/Dummy.csproj]
/app/Assets/_Project/Scripts/SaveBinaryStorage.cs(3093,14): error CS0246: The type or namespace name 'WriteOnly' could not be found (are you missing a using directive or an assembly reference?) [/app/Dummy.csproj]
/app/Assets/_Project/Scripts/SaveBinaryStorage.cs(3103,10): error CS0246: The type or namespace name 'BurstCompileAttribute' could not be found (are you missing a using directive or an assembly reference?) [/app/Dummy.csproj]
/app/Assets/_Project/Scripts/SaveBinaryStorage.cs(3103,10): error CS0246: The type or namespace name 'BurstCompile' could not be found (are you missing a using directive or an assembly reference?) [/app/Dummy.csproj]
/app/Assets/_Project/Scripts/SaveBinaryStorage.cs(3103,64): error CS0103: The name 'FloatMode' does not exist in the current context [/app/Dummy.csproj]
/app/Assets/_Project/Scripts/SaveBinaryStorage.cs(3103,106): error CS0103: The name 'FloatPrecision' does not exist in the current context [/app/Dummy.csproj]
/app/Assets/_Project/Scripts/SaveBinaryStorage.cs(3106,14): error CS0246: The type or namespace name 'ReadOnlyAttribute' could not be found (are you missing a using directive or an assembly reference?) [/app/Dummy.csproj]
/app/Assets/_Project/Scripts/SaveBinaryStorage.cs(3106,14): error CS0246: The type or namespace name 'ReadOnly' could not be found (are you missing a using directive or an assembly reference?) [/app/Dummy.csproj]
/app/Assets/_Project/Scripts/SaveBinaryStorage.cs(3366,10): error CS0246: The type or namespace name 'BinaryBlittableSafeAttribute' could not be found (are you missing a using directive or an assembly reference?) [/app/Dummy.csproj]
/app/Assets/_Project/Scripts/SaveBinaryStorage.cs(3366,10): error CS0246: The type or namespace name 'BinaryBlittableSafe' could not be found (are you missing a using directive or an assembly reference?) [/app/Dummy.csproj]
/app/Assets/_Project/Scripts/SaveBinaryStorage.cs(3816,10): error CS0246: The type or namespace name 'BinaryBlittableSafeAttribute' could not be found (are you missing a using directive or an assembly reference?) [/app/Dummy.csproj]
/app/Assets/_Project/Scripts/SaveBinaryStorage.cs(3816,10): error CS0246: The type or namespace name 'BinaryBlittableSafe' could not be found (are you missing a using directive or an assembly reference?) [/app/Dummy.csproj]
/app/Assets/_Project/Scripts/SaveBinaryStorage.cs(3853,10): error CS0246: The type or namespace name 'BinaryBlittableSafeAttribute' could not be found (are you missing a using directive or an assembly reference?) [/app/Dummy.csproj]
/app/Assets/_Project/Scripts/SaveBinaryStorage.cs(3853,10): error CS0246: The type or namespace name 'BinaryBlittableSafe' could not be found (are you missing a using directive or an assembly reference?) [/app/Dummy.csproj]
/app/Assets/_Project/Scripts/SaveBinaryStorage.cs(3922,51): error CS0182: An attribute argument must be a constant expression, typeof expression or array creation expression of an attribute parameter type [/app/Dummy.csproj]
/app/Assets/_Project/Scripts/SaveBinaryStorage.cs(3925,14): error CS0636: The FieldOffset attribute can only be placed on members of types marked with the StructLayout(LayoutKind.Explicit) [/app/Dummy.csproj]
/app/Assets/_Project/Scripts/SaveBinaryStorage.cs(3927,14): error CS0636: The FieldOffset attribute can only be placed on members of types marked with the StructLayout(LayoutKind.Explicit) [/app/Dummy.csproj]
/app/Assets/_Project/Scripts/SaveBinaryStorage.cs(3929,14): error CS0636: The FieldOffset attribute can only be placed on members of types marked with the StructLayout(LayoutKind.Explicit) [/app/Dummy.csproj]
/app/Assets/_Project/Scripts/SaveBinaryStorage.cs(3931,14): error CS0636: The FieldOffset attribute can only be placed on members of types marked with the StructLayout(LayoutKind.Explicit) [/app/Dummy.csproj]
/app/Assets/_Project/Scripts/SaveBinaryStorage.cs(3933,14): error CS0636: The FieldOffset attribute can only be placed on members of types marked with the StructLayout(LayoutKind.Explicit) [/app/Dummy.csproj]
/app/Assets/_Project/Scripts/SaveBinaryStorage.cs(3935,14): error CS0636: The FieldOffset attribute can only be placed on members of types marked with the StructLayout(LayoutKind.Explicit) [/app/Dummy.csproj]
/app/Assets/_Project/Scripts/SaveBinaryStorage.cs(3937,14): error CS0636: The FieldOffset attribute can only be placed on members of types marked with the StructLayout(LayoutKind.Explicit) [/app/Dummy.csproj]

Build FAILED.

/app/Assets/_Project/Scripts/SaveBinaryStorage.cs(8,15): error CS0234: The type or namespace name 'Core' does not exist in the namespace 'Hecton8' (are you missing an assembly reference?) [/app/Dummy.csproj]
/app/Assets/_Project/Scripts/SaveBinaryStorage.cs(9,15): error CS0234: The type or namespace name 'Core' does not exist in the namespace 'Hecton8' (are you missing an assembly reference?) [/app/Dummy.csproj]
/app/Assets/_Project/Scripts/SaveBinaryStorage.cs(10,15): error CS0234: The type or namespace name 'Core' does not exist in the namespace 'Hecton8' (are you missing an assembly reference?) [/app/Dummy.csproj]
/app/Assets/_Project/Scripts/SaveBinaryStorage.cs(11,15): error CS0234: The type or namespace name 'Core' does not exist in the namespace 'Hecton8' (are you missing an assembly reference?) [/app/Dummy.csproj]
/app/Assets/_Project/Scripts/SaveBinaryStorage.cs(12,15): error CS0234: The type or namespace name 'Quest' does not exist in the namespace 'Hecton8' (are you missing an assembly reference?) [/app/Dummy.csproj]
/app/Assets/_Project/Scripts/SaveBinaryStorage.cs(13,15): error CS0234: The type or namespace name 'World' does not exist in the namespace 'Hecton8' (are you missing an assembly reference?) [/app/Dummy.csproj]
/app/Assets/_Project/Scripts/SaveBinaryStorage.cs(14,7): error CS0246: The type or namespace name 'Unity' could not be found (are you missing a using directive or an assembly reference?) [/app/Dummy.csproj]
/app/Assets/_Project/Scripts/SaveBinaryStorage.cs(15,7): error CS0246: The type or namespace name 'Unity' could not be found (are you missing a using directive or an assembly reference?) [/app/Dummy.csproj]
/app/Assets/_Project/Scripts/SaveBinaryStorage.cs(16,7): error CS0246: The type or namespace name 'Unity' could not be found (are you missing a using directive or an assembly reference?) [/app/Dummy.csproj]
/app/Assets/_Project/Scripts/SaveBinaryStorage.cs(17,7): error CS0246: The type or namespace name 'Unity' could not be found (are you missing a using directive or an assembly reference?) [/app/Dummy.csproj]
/app/Assets/_Project/Scripts/SaveBinaryStorage.cs(18,7): error CS0246: The type or namespace name 'Unity' could not be found (are you missing a using directive or an assembly reference?) [/app/Dummy.csproj]
/app/Assets/_Project/Scripts/SaveBinaryStorage.cs(19,7): error CS0246: The type or namespace name 'UnityEngine' could not be found (are you missing a using directive or an assembly reference?) [/app/Dummy.csproj]
/app/Assets/_Project/Scripts/SaveBinaryStorage.cs(407,13): error CS0246: The type or namespace name 'GraphicsBuffer' could not be found (are you missing a using directive or an assembly reference?) [/app/Dummy.csproj]
/app/Assets/_Project/Scripts/SaveBinaryStorage.cs(963,24): error CS0246: The type or namespace name 'NativeArray<>' could not be found (are you missing a using directive or an assembly reference?) [/app/Dummy.csproj]
/app/Assets/_Project/Scripts/SaveBinaryStorage.cs(1014,62): error CS0246: The type or namespace name 'NativeArray<>' could not be found (are you missing a using directive or an assembly reference?) [/app/Dummy.csproj]
/app/Assets/_Project/Scripts/SaveBinaryStorage.cs(1740,13): error CS0246: The type or namespace name 'NativeArray<>' could not be found (are you missing a using directive or an assembly reference?) [/app/Dummy.csproj]
/app/Assets/_Project/Scripts/SaveBinaryStorage.cs(1977,24): error CS0246: The type or namespace name 'NativeArray<>' could not be found (are you missing a using directive or an assembly reference?) [/app/Dummy.csproj]
/app/Assets/_Project/Scripts/SaveBinaryStorage.cs(2176,61): error CS0246: The type or namespace name 'NativeArray<>' could not be found (are you missing a using directive or an assembly reference?) [/app/Dummy.csproj]
/app/Assets/_Project/Scripts/SaveBinaryStorage.cs(2184,71): error CS0246: The type or namespace name 'NativeArray<>' could not be found (are you missing a using directive or an assembly reference?) [/app/Dummy.csproj]
/app/Assets/_Project/Scripts/SaveBinaryStorage.cs(2389,71): error CS0246: The type or namespace name 'NativeArray<>' could not be found (are you missing a using directive or an assembly reference?) [/app/Dummy.csproj]
/app/Assets/_Project/Scripts/SaveBinaryStorage.cs(77,23): error CS0246: The type or namespace name 'NativeAllocationLifetime' could not be found (are you missing a using directive or an assembly reference?) [/app/Dummy.csproj]
/app/Assets/_Project/Scripts/SaveBinaryStorage.cs(2671,13): error CS0246: The type or namespace name 'NativeArrayOptions' could not be found (are you missing a using directive or an assembly reference?) [/app/Dummy.csproj]
/app/Assets/_Project/Scripts/SaveBinaryStorage.cs(2669,24): error CS0246: The type or namespace name 'NativeArray<>' could not be found (are you missing a using directive or an assembly reference?) [/app/Dummy.csproj]
/app/Assets/_Project/Scripts/SaveBinaryStorage.cs(2703,69): error CS0246: The type or namespace name 'NativeArray<>' could not be found (are you missing a using directive or an assembly reference?) [/app/Dummy.csproj]
/app/Assets/_Project/Scripts/SaveBinaryStorage.cs(2714,82): error CS0246: The type or namespace name 'NativeArray<>' could not be found (are you missing a using directive or an assembly reference?) [/app/Dummy.csproj]
/app/Assets/_Project/Scripts/SaveBinaryStorage.cs(27,20): error CS0246: The type or namespace name 'NativeArray<>' could not be found (are you missing a using directive or an assembly reference?) [/app/Dummy.csproj]
/app/Assets/_Project/Scripts/SaveBinaryStorage.cs(2781,13): error CS0246: The type or namespace name 'NativeArrayOptions' could not be found (are you missing a using directive or an assembly reference?) [/app/Dummy.csproj]
/app/Assets/_Project/Scripts/SaveBinaryStorage.cs(2783,13): error CS0246: The type or namespace name 'NativeAllocationLifetime' could not be found (are you missing a using directive or an assembly reference?) [/app/Dummy.csproj]
/app/Assets/_Project/Scripts/SaveBinaryStorage.cs(2790,17): error CS0246: The type or namespace name 'NativeArray<>' could not be found (are you missing a using directive or an assembly reference?) [/app/Dummy.csproj]
/app/Assets/_Project/Scripts/SaveBinaryStorage.cs(2792,13): error CS0246: The type or namespace name 'NativeAllocationLifetime' could not be found (are you missing a using directive or an assembly reference?) [/app/Dummy.csproj]
/app/Assets/_Project/Scripts/SaveBinaryStorage.cs(162,20): error CS0246: The type or namespace name 'NativeArray<>' could not be found (are you missing a using directive or an assembly reference?) [/app/Dummy.csproj]
/app/Assets/_Project/Scripts/SaveBinaryStorage.cs(2805,13): error CS0246: The type or namespace name 'NativeAllocationLifetime' could not be found (are you missing a using directive or an assembly reference?) [/app/Dummy.csproj]
/app/Assets/_Project/Scripts/SaveBinaryStorage.cs(2801,24): error CS0246: The type or namespace name 'NativeList<>' could not be found (are you missing a using directive or an assembly reference?) [/app/Dummy.csproj]
/app/Assets/_Project/Scripts/SaveBinaryStorage.cs(2839,17): error CS0246: The type or namespace name 'NativeList<>' could not be found (are you missing a using directive or an assembly reference?) [/app/Dummy.csproj]
/app/Assets/_Project/Scripts/SaveBinaryStorage.cs(2842,13): error CS0246: The type or namespace name 'NativeAllocationLifetime' could not be found (are you missing a using directive or an assembly reference?) [/app/Dummy.csproj]
/app/Assets/_Project/Scripts/SaveBinaryStorage.cs(2892,13): error CS0246: The type or namespace name 'NativeAllocationLifetime' could not be found (are you missing a using directive or an assembly reference?) [/app/Dummy.csproj]
/app/Assets/_Project/Scripts/SaveBinaryStorage.cs(2888,24): error CS0246: The type or namespace name 'NativeParallelHashMap<,>' could not be found (are you missing a using directive or an assembly reference?) [/app/Dummy.csproj]
/app/Assets/_Project/Scripts/SaveBinaryStorage.cs(2927,17): error CS0246: The type or namespace name 'NativeParallelHashMap<,>' could not be found (are you missing a using directive or an assembly reference?) [/app/Dummy.csproj]
/app/Assets/_Project/Scripts/SaveBinaryStorage.cs(2930,13): error CS0246: The type or namespace name 'NativeAllocationLifetime' could not be found (are you missing a using directive or an assembly reference?) [/app/Dummy.csproj]
/app/Assets/_Project/Scripts/SaveBinaryStorage.cs(3117,85): error CS0246: The type or namespace name 'EntityDataRecord' could not be found (are you missing a using directive or an assembly reference?) [/app/Dummy.csproj]
/app/Assets/_Project/Scripts/SaveBinaryStorage.cs(3139,24): error CS0246: The type or namespace name 'EntityDataRecord' could not be found (are you missing a using directive or an assembly reference?) [/app/Dummy.csproj]
/app/Assets/_Project/Scripts/SaveBinaryStorage.cs(3167,16): error CS0246: The type or namespace name 'AbsoluteUniversePosition' could not be found (are you missing a using directive or an assembly reference?) [/app/Dummy.csproj]
/app/Assets/_Project/Scripts/SaveBinaryStorage.cs(3168,13): error CS0246: The type or namespace name 'int3' could not be found (are you missing a using directive or an assembly reference?) [/app/Dummy.csproj]
/app/Assets/_Project/Scripts/SaveBinaryStorage.cs(3196,13): error CS0246: The type or namespace name 'int3' could not be found (are you missing a using directive or an assembly reference?) [/app/Dummy.csproj]
/app/Assets/_Project/Scripts/SaveBinaryStorage.cs(3195,25): error CS0246: The type or namespace name 'AbsoluteUniversePosition' could not be found (are you missing a using directive or an assembly reference?) [/app/Dummy.csproj]
/app/Assets/_Project/Scripts/SaveBinaryStorage.cs(3232,60): error CS0246: The type or namespace name 'EntityDataRecord' could not be found (are you missing a using directive or an assembly reference?) [/app/Dummy.csproj]
/app/Assets/_Project/Scripts/SaveBinaryStorage.cs(3246,58): error CS0246: The type or namespace name 'AbsoluteUniversePositionBlit128' could not be found (are you missing a using directive or an assembly reference?) [/app/Dummy.csproj]
/app/Assets/_Project/Scripts/SaveBinaryStorage.cs(3269,24): error CS0246: The type or namespace name 'AbsoluteUniversePosition' could not be found (are you missing a using directive or an assembly reference?) [/app/Dummy.csproj]
/app/Assets/_Project/Scripts/SaveBinaryStorage.cs(3281,57): error CS0246: The type or namespace name 'EntityDataRecord' could not be found (are you missing a using directive or an assembly reference?) [/app/Dummy.csproj]
/app/Assets/_Project/Scripts/SaveBinaryStorage.cs(3605,65): error CS0246: The type or namespace name 'NativeArray<>' could not be found (are you missing a using directive or an assembly reference?) [/app/Dummy.csproj]
/app/Assets/_Project/Scripts/SaveBinaryStorage.cs(3708,16): error CS0246: The type or namespace name 'QuestSaveHeader' could not be found (are you missing a using directive or an assembly reference?) [/app/Dummy.csproj]
/app/Assets/_Project/Scripts/SaveBinaryStorage.cs(3863,13): error CS0246: The type or namespace name 'NativeArray<>' could not be found (are you missing a using directive or an assembly reference?) [/app/Dummy.csproj]
/app/Assets/_Project/Scripts/SaveBinaryStorage.cs(4211,13): error CS0246: The type or namespace name 'SaveMetadata' could not be found (are you missing a using directive or an assembly reference?) [/app/Dummy.csproj]
/app/Assets/_Project/Scripts/SaveBinaryStorage.cs(4212,13): error CS0246: The type or namespace name 'SaveData' could not be found (are you missing a using directive or an assembly reference?) [/app/Dummy.csproj]
/app/Assets/_Project/Scripts/SaveBinaryStorage.cs(4213,13): error CS0246: The type or namespace name 'NativeArray<>' could not be found (are you missing a using directive or an assembly reference?) [/app/Dummy.csproj]
/app/Assets/_Project/Scripts/SaveBinaryStorage.cs(4213,25): error CS0246: The type or namespace name 'PersistentWorldDeltaRecord' could not be found (are you missing a using directive or an assembly reference?) [/app/Dummy.csproj]
/app/Assets/_Project/Scripts/SaveBinaryStorage.cs(4214,13): error CS0246: The type or namespace name 'NativeArray<>' could not be found (are you missing a using directive or an assembly reference?) [/app/Dummy.csproj]
/app/Assets/_Project/Scripts/SaveBinaryStorage.cs(4214,25): error CS0246: The type or namespace name 'EcosystemSectorSaveRecord' could not be found (are you missing a using directive or an assembly reference?) [/app/Dummy.csproj]
/app/Assets/_Project/Scripts/SaveBinaryStorage.cs(4215,13): error CS0246: The type or namespace name 'QuestSaveHeader' could not be found (are you missing a using directive or an assembly reference?) [/app/Dummy.csproj]
/app/Assets/_Project/Scripts/SaveBinaryStorage.cs(4216,13): error CS0246: The type or namespace name 'NativeArray<>' could not be found (are you missing a using directive or an assembly reference?) [/app/Dummy.csproj]
/app/Assets/_Project/Scripts/SaveBinaryStorage.cs(4218,13): error CS0246: The type or namespace name 'NativeArray<>' could not be found (are you missing a using directive or an assembly reference?) [/app/Dummy.csproj]
/app/Assets/_Project/Scripts/SaveBinaryStorage.cs(4219,13): error CS0246: The type or namespace name 'NativeArray<>' could not be found (are you missing a using directive or an assembly reference?) [/app/Dummy.csproj]
/app/Assets/_Project/Scripts/SaveBinaryStorage.cs(4220,13): error CS0246: The type or namespace name 'NativeArray<>' could not be found (are you missing a using directive or an assembly reference?) [/app/Dummy.csproj]
/app/Assets/_Project/Scripts/SaveBinaryStorage.cs(4246,13): error CS0246: The type or namespace name 'NativeArray<>' could not be found (are you missing a using directive or an assembly reference?) [/app/Dummy.csproj]
/app/Assets/_Project/Scripts/SaveBinaryStorage.cs(4247,13): error CS0246: The type or namespace name 'NativeArray<>' could not be found (are you missing a using directive or an assembly reference?) [/app/Dummy.csproj]
/app/Assets/_Project/Scripts/SaveBinaryStorage.cs(4248,17): error CS0246: The type or namespace name 'SaveMetadata' could not be found (are you missing a using directive or an assembly reference?) [/app/Dummy.csproj]
/app/Assets/_Project/Scripts/SaveBinaryStorage.cs(4312,13): error CS0246: The type or namespace name 'SaveMetadata' could not be found (are you missing a using directive or an assembly reference?) [/app/Dummy.csproj]
/app/Assets/_Project/Scripts/SaveBinaryStorage.cs(4313,13): error CS0246: The type or namespace name 'SaveData' could not be found (are you missing a using directive or an assembly reference?) [/app/Dummy.csproj]
/app/Assets/_Project/Scripts/SaveBinaryStorage.cs(4314,13): error CS0246: The type or namespace name 'NativeArray<>' could not be found (are you missing a using directive or an assembly reference?) [/app/Dummy.csproj]
/app/Assets/_Project/Scripts/SaveBinaryStorage.cs(4314,25): error CS0246: The type or namespace name 'PersistentWorldDeltaRecord' could not be found (are you missing a using directive or an assembly reference?) [/app/Dummy.csproj]
/app/Assets/_Project/Scripts/SaveBinaryStorage.cs(4315,13): error CS0246: The type or namespace name 'NativeArray<>' could not be found (are you missing a using directive or an assembly reference?) [/app/Dummy.csproj]
/app/Assets/_Project/Scripts/SaveBinaryStorage.cs(4315,25): error CS0246: The type or namespace name 'EcosystemSectorSaveRecord' could not be found (are you missing a using directive or an assembly reference?) [/app/Dummy.csproj]
/app/Assets/_Project/Scripts/SaveBinaryStorage.cs(4316,13): error CS0246: The type or namespace name 'QuestSaveHeader' could not be found (are you missing a using directive or an assembly reference?) [/app/Dummy.csproj]
/app/Assets/_Project/Scripts/SaveBinaryStorage.cs(4317,13): error CS0246: The type or namespace name 'NativeArray<>' could not be found (are you missing a using directive or an assembly reference?) [/app/Dummy.csproj]
/app/Assets/_Project/Scripts/SaveBinaryStorage.cs(4319,13): error CS0246: The type or namespace name 'NativeArray<>' could not be found (are you missing a using directive or an assembly reference?) [/app/Dummy.csproj]
/app/Assets/_Project/Scripts/SaveBinaryStorage.cs(4320,13): error CS0246: The type or namespace name 'NativeArray<>' could not be found (are you missing a using directive or an assembly reference?) [/app/Dummy.csproj]
/app/Assets/_Project/Scripts/SaveBinaryStorage.cs(4321,13): error CS0246: The type or namespace name 'NativeArray<>' could not be found (are you missing a using directive or an assembly reference?) [/app/Dummy.csproj]
/app/Assets/_Project/Scripts/SaveBinaryStorage.cs(4828,13): error CS0246: The type or namespace name 'GraphicsBuffer' could not be found (are you missing a using directive or an assembly reference?) [/app/Dummy.csproj]
/app/Assets/_Project/Scripts/SaveBinaryStorage.cs(5020,13): error CS0246: The type or namespace name 'NativeArray<>' could not be found (are you missing a using directive or an assembly reference?) [/app/Dummy.csproj]
/app/Assets/_Project/Scripts/SaveBinaryStorage.cs(5201,13): error CS0246: The type or namespace name 'NativeArray<>' could not be found (are you missing a using directive or an assembly reference?) [/app/Dummy.csproj]
/app/Assets/_Project/Scripts/SaveBinaryStorage.cs(5268,17): error CS0246: The type or namespace name 'PersistentWorldDeltaRecord' could not be found (are you missing a using directive or an assembly reference?) [/app/Dummy.csproj]
/app/Assets/_Project/Scripts/SaveBinaryStorage.cs(5369,13): error CS0246: The type or namespace name 'NativeArray<>' could not be found (are you missing a using directive or an assembly reference?) [/app/Dummy.csproj]
/app/Assets/_Project/Scripts/SaveBinaryStorage.cs(5372,17): error CS0246: The type or namespace name 'SaveMetadata' could not be found (are you missing a using directive or an assembly reference?) [/app/Dummy.csproj]
/app/Assets/_Project/Scripts/SaveBinaryStorage.cs(5472,13): error CS0246: The type or namespace name 'NativeArray<>' could not be found (are you missing a using directive or an assembly reference?) [/app/Dummy.csproj]
/app/Assets/_Project/Scripts/SaveBinaryStorage.cs(5475,13): error CS0246: The type or namespace name 'NativeArray<>' could not be found (are you missing a using directive or an assembly reference?) [/app/Dummy.csproj]
/app/Assets/_Project/Scripts/SaveBinaryStorage.cs(5476,17): error CS0246: The type or namespace name 'SaveData' could not be found (are you missing a using directive or an assembly reference?) [/app/Dummy.csproj]
/app/Assets/_Project/Scripts/SaveBinaryStorage.cs(5477,17): error CS0246: The type or namespace name 'QuestSaveHeader' could not be found (are you missing a using directive or an assembly reference?) [/app/Dummy.csproj]
/app/Assets/_Project/Scripts/SaveBinaryStorage.cs(5479,17): error CS0246: The type or namespace name 'PersistentWorldDeltaRecord' could not be found (are you missing a using directive or an assembly reference?) [/app/Dummy.csproj]
/app/Assets/_Project/Scripts/SaveBinaryStorage.cs(5480,17): error CS0246: The type or namespace name 'EcosystemSectorSaveRecord' could not be found (are you missing a using directive or an assembly reference?) [/app/Dummy.csproj]
/app/Assets/_Project/Scripts/SaveBinaryStorage.cs(5483,17): error CS0246: The type or namespace name 'SaveMetadata' could not be found (are you missing a using directive or an assembly reference?) [/app/Dummy.csproj]
/app/Assets/_Project/Scripts/SaveBinaryStorage.cs(5986,13): error CS0246: The type or namespace name 'NativeArray<>' could not be found (are you missing a using directive or an assembly reference?) [/app/Dummy.csproj]
/app/Assets/_Project/Scripts/SaveBinaryStorage.cs(5987,13): error CS0246: The type or namespace name 'NativeList<>' could not be found (are you missing a using directive or an assembly reference?) [/app/Dummy.csproj]
/app/Assets/_Project/Scripts/SaveBinaryStorage.cs(5987,24): error CS0246: The type or namespace name 'PersistentWorldDeltaRecord' could not be found (are you missing a using directive or an assembly reference?) [/app/Dummy.csproj]
/app/Assets/_Project/Scripts/SaveBinaryStorage.cs(6052,13): error CS0246: The type or namespace name 'NativeList<>' could not be found (are you missing a using directive or an assembly reference?) [/app/Dummy.csproj]
/app/Assets/_Project/Scripts/SaveBinaryStorage.cs(6052,24): error CS0246: The type or namespace name 'PersistentWorldDeltaRecord' could not be found (are you missing a using directive or an assembly reference?) [/app/Dummy.csproj]
/app/Assets/_Project/Scripts/SaveBinaryStorage.cs(6096,13): error CS0246: The type or namespace name 'NativeList<>' could not be found (are you missing a using directive or an assembly reference?) [/app/Dummy.csproj]
/app/Assets/_Project/Scripts/SaveBinaryStorage.cs(6096,24): error CS0246: The type or namespace name 'PersistentWorldDeltaRecord' could not be found (are you missing a using directive or an assembly reference?) [/app/Dummy.csproj]
/app/Assets/_Project/Scripts/SaveBinaryStorage.cs(6131,13): error CS0246: The type or namespace name 'NativeList<>' could not be found (are you missing a using directive or an assembly reference?) [/app/Dummy.csproj]
/app/Assets/_Project/Scripts/SaveBinaryStorage.cs(6131,24): error CS0246: The type or namespace name 'PersistentWorldDeltaRecord' could not be found (are you missing a using directive or an assembly reference?) [/app/Dummy.csproj]
/app/Assets/_Project/Scripts/SaveBinaryStorage.cs(6284,13): error CS0246: The type or namespace name 'NativeArray<>' could not be found (are you missing a using directive or an assembly reference?) [/app/Dummy.csproj]
/app/Assets/_Project/Scripts/SaveBinaryStorage.cs(6284,25): error CS0246: The type or namespace name 'PersistentWorldDeltaRecord' could not be found (are you missing a using directive or an assembly reference?) [/app/Dummy.csproj]
/app/Assets/_Project/Scripts/SaveBinaryStorage.cs(6421,17): error CS0246: The type or namespace name 'PersistentWorldDeltaRecord' could not be found (are you missing a using directive or an assembly reference?) [/app/Dummy.csproj]
/app/Assets/_Project/Scripts/SaveBinaryStorage.cs(6498,13): error CS0246: The type or namespace name 'NativeArray<>' could not be found (are you missing a using directive or an assembly reference?) [/app/Dummy.csproj]
/app/Assets/_Project/Scripts/SaveBinaryStorage.cs(6498,25): error CS0246: The type or namespace name 'EntityDataRecord' could not be found (are you missing a using directive or an assembly reference?) [/app/Dummy.csproj]
/app/Assets/_Project/Scripts/SaveBinaryStorage.cs(6519,13): error CS0246: The type or namespace name 'NativeArray<>' could not be found (are you missing a using directive or an assembly reference?) [/app/Dummy.csproj]
/app/Assets/_Project/Scripts/SaveBinaryStorage.cs(6519,25): error CS0246: The type or namespace name 'EntityDataRecord' could not be found (are you missing a using directive or an assembly reference?) [/app/Dummy.csproj]
/app/Assets/_Project/Scripts/SaveBinaryStorage.cs(6779,13): error CS0246: The type or namespace name 'JobHandle' could not be found (are you missing a using directive or an assembly reference?) [/app/Dummy.csproj]
/app/Assets/_Project/Scripts/SaveBinaryStorage.cs(6777,25): error CS0246: The type or namespace name 'JobHandle' could not be found (are you missing a using directive or an assembly reference?) [/app/Dummy.csproj]
/app/Assets/_Project/Scripts/SaveBinaryStorage.cs(6790,17): error CS0246: The type or namespace name 'EntityDataRecord' could not be found (are you missing a using directive or an assembly reference?) [/app/Dummy.csproj]
/app/Assets/_Project/Scripts/SaveBinaryStorage.cs(6921,71): error CS0246: The type or namespace name 'AbsoluteUniversePosition' could not be found (are you missing a using directive or an assembly reference?) [/app/Dummy.csproj]
/app/Assets/_Project/Scripts/SaveBinaryStorage.cs(6928,70): error CS0246: The type or namespace name 'AbsoluteUniversePosition' could not be found (are you missing a using directive or an assembly reference?) [/app/Dummy.csproj]
/app/Assets/_Project/Scripts/SaveBinaryStorage.cs(6928,109): error CS0246: The type or namespace name 'int2' could not be found (are you missing a using directive or an assembly reference?) [/app/Dummy.csproj]
/app/Assets/_Project/Scripts/SaveBinaryStorage.cs(6936,24): error CS0246: The type or namespace name 'int2' could not be found (are you missing a using directive or an assembly reference?) [/app/Dummy.csproj]
/app/Assets/_Project/Scripts/SaveBinaryStorage.cs(6941,94): error CS0246: The type or namespace name 'AbsoluteUniversePosition' could not be found (are you missing a using directive or an assembly reference?) [/app/Dummy.csproj]
/app/Assets/_Project/Scripts/SaveBinaryStorage.cs(7082,13): error CS0246: The type or namespace name 'NativeArray<>' could not be found (are you missing a using directive or an assembly reference?) [/app/Dummy.csproj]
/app/Assets/_Project/Scripts/SaveBinaryStorage.cs(7302,13): error CS0246: The type or namespace name 'NativeArray<>' could not be found (are you missing a using directive or an assembly reference?) [/app/Dummy.csproj]
/app/Assets/_Project/Scripts/SaveBinaryStorage.cs(7418,13): error CS0246: The type or namespace name 'NativeArray<>' could not be found (are you missing a using directive or an assembly reference?) [/app/Dummy.csproj]
/app/Assets/_Project/Scripts/SaveBinaryStorage.cs(7480,13): error CS0246: The type or namespace name 'NativeArray<>' could not be found (are you missing a using directive or an assembly reference?) [/app/Dummy.csproj]
/app/Assets/_Project/Scripts/SaveBinaryStorage.cs(7504,13): error CS0246: The type or namespace name 'NativeArray<>' could not be found (are you missing a using directive or an assembly reference?) [/app/Dummy.csproj]
/app/Assets/_Project/Scripts/SaveBinaryStorage.cs(7565,13): error CS0246: The type or namespace name 'NativeArray<>' could not be found (are you missing a using directive or an assembly reference?) [/app/Dummy.csproj]
/app/Assets/_Project/Scripts/SaveBinaryStorage.cs(7567,13): error CS0246: The type or namespace name 'NativeArray<>' could not be found (are you missing a using directive or an assembly reference?) [/app/Dummy.csproj]
/app/Assets/_Project/Scripts/SaveBinaryStorage.cs(7662,17): error CS0246: The type or namespace name 'NativeArray<>' could not be found (are you missing a using directive or an assembly reference?) [/app/Dummy.csproj]
/app/Assets/_Project/Scripts/SaveBinaryStorage.cs(77,71): error CS0103: The name 'NativeAllocationLifetime' does not exist in the current context [/app/Dummy.csproj]
/app/Assets/_Project/Scripts/SaveBinaryStorage.cs(8090,13): error CS0246: The type or namespace name 'NativeArray<>' could not be found (are you missing a using directive or an assembly reference?) [/app/Dummy.csproj]
/app/Assets/_Project/Scripts/SaveBinaryStorage.cs(8091,13): error CS0246: The type or namespace name 'NativeArray<>' could not be found (are you missing a using directive or an assembly reference?) [/app/Dummy.csproj]
/app/Assets/_Project/Scripts/SaveBinaryStorage.cs(8141,13): error CS0246: The type or namespace name 'NativeArray<>' could not be found (are you missing a using directive or an assembly reference?) [/app/Dummy.csproj]
/app/Assets/_Project/Scripts/SaveBinaryStorage.cs(8254,13): error CS0246: The type or namespace name 'NativeArray<>' could not be found (are you missing a using directive or an assembly reference?) [/app/Dummy.csproj]
/app/Assets/_Project/Scripts/SaveBinaryStorage.cs(8255,13): error CS0246: The type or namespace name 'NativeArray<>' could not be found (are you missing a using directive or an assembly reference?) [/app/Dummy.csproj]
/app/Assets/_Project/Scripts/SaveBinaryStorage.cs(8256,13): error CS0246: The type or namespace name 'NativeArray<>' could not be found (are you missing a using directive or an assembly reference?) [/app/Dummy.csproj]
/app/Assets/_Project/Scripts/SaveBinaryStorage.cs(8257,17): error CS0246: The type or namespace name 'SaveData' could not be found (are you missing a using directive or an assembly reference?) [/app/Dummy.csproj]
/app/Assets/_Project/Scripts/SaveBinaryStorage.cs(8258,17): error CS0246: The type or namespace name 'QuestSaveHeader' could not be found (are you missing a using directive or an assembly reference?) [/app/Dummy.csproj]
/app/Assets/_Project/Scripts/SaveBinaryStorage.cs(8260,17): error CS0246: The type or namespace name 'PersistentWorldDeltaRecord' could not be found (are you missing a using directive or an assembly reference?) [/app/Dummy.csproj]
/app/Assets/_Project/Scripts/SaveBinaryStorage.cs(8261,17): error CS0246: The type or namespace name 'EcosystemSectorSaveRecord' could not be found (are you missing a using directive or an assembly reference?) [/app/Dummy.csproj]
/app/Assets/_Project/Scripts/SaveBinaryStorage.cs(8264,17): error CS0246: The type or namespace name 'SaveMetadata' could not be found (are you missing a using directive or an assembly reference?) [/app/Dummy.csproj]
/app/Assets/_Project/Scripts/SaveBinaryStorage.cs(8453,79): error CS0246: The type or namespace name 'NativeArray<>' could not be found (are you missing a using directive or an assembly reference?) [/app/Dummy.csproj]
/app/Assets/_Project/Scripts/SaveBinaryStorage.cs(8701,13): error CS0246: The type or namespace name 'NativeArray<>' could not be found (are you missing a using directive or an assembly reference?) [/app/Dummy.csproj]
/app/Assets/_Project/Scripts/SaveBinaryStorage.cs(9047,65): error CS0246: The type or namespace name 'PersistentWorldDeltaRecord' could not be found (are you missing a using directive or an assembly reference?) [/app/Dummy.csproj]
/app/Assets/_Project/Scripts/SaveBinaryStorage.cs(9054,13): error CS0246: The type or namespace name 'NativeArray<>' could not be found (are you missing a using directive or an assembly reference?) [/app/Dummy.csproj]
/app/Assets/_Project/Scripts/SaveBinaryStorage.cs(9054,25): error CS0246: The type or namespace name 'PersistentWorldDeltaRecord' could not be found (are you missing a using directive or an assembly reference?) [/app/Dummy.csproj]
/app/Assets/_Project/Scripts/SaveBinaryStorage.cs(9094,13): error CS0246: The type or namespace name 'PersistentWorldDeltaRecord' could not be found (are you missing a using directive or an assembly reference?) [/app/Dummy.csproj]
/app/Assets/_Project/Scripts/SaveBinaryStorage.cs(9133,44): error CS0246: The type or namespace name 'int2' could not be found (are you missing a using directive or an assembly reference?) [/app/Dummy.csproj]
/app/Assets/_Project/Scripts/SaveBinaryStorage.cs(9138,74): error CS0246: The type or namespace name 'NativeArray<>' could not be found (are you missing a using directive or an assembly reference?) [/app/Dummy.csproj]
/app/Assets/_Project/Scripts/SaveBinaryStorage.cs(9138,86): error CS0246: The type or namespace name 'PersistentWorldDeltaRecord' could not be found (are you missing a using directive or an assembly reference?) [/app/Dummy.csproj]
/app/Assets/_Project/Scripts/SaveBinaryStorage.cs(9254,13): error CS0246: The type or namespace name 'NativeArray<>' could not be found (are you missing a using directive or an assembly reference?) [/app/Dummy.csproj]
/app/Assets/_Project/Scripts/SaveBinaryStorage.cs(9255,13): error CS0246: The type or namespace name 'NativeList<>' could not be found (are you missing a using directive or an assembly reference?) [/app/Dummy.csproj]
/app/Assets/_Project/Scripts/SaveBinaryStorage.cs(9511,13): error CS0246: The type or namespace name 'NativeArray<>' could not be found (are you missing a using directive or an assembly reference?) [/app/Dummy.csproj]
/app/Assets/_Project/Scripts/SaveBinaryStorage.cs(9512,13): error CS0246: The type or namespace name 'NativeArray<>' could not be found (are you missing a using directive or an assembly reference?) [/app/Dummy.csproj]
/app/Assets/_Project/Scripts/SaveBinaryStorage.cs(9514,17): error CS0246: The type or namespace name 'PayloadPrefixInfo' could not be found (are you missing a using directive or an assembly reference?) [/app/Dummy.csproj]
/app/Assets/_Project/Scripts/SaveBinaryStorage.cs(9750,17): error CS0246: The type or namespace name 'QuestSaveHeader' could not be found (are you missing a using directive or an assembly reference?) [/app/Dummy.csproj]
/app/Assets/_Project/Scripts/SaveBinaryStorage.cs(9826,17): error CS0246: The type or namespace name 'PersistentWorldDeltaRecord' could not be found (are you missing a using directive or an assembly reference?) [/app/Dummy.csproj]
/app/Assets/_Project/Scripts/SaveBinaryStorage.cs(9925,13): error CS0246: The type or namespace name 'NativeArray<>' could not be found (are you missing a using directive or an assembly reference?) [/app/Dummy.csproj]
/app/Assets/_Project/Scripts/SaveBinaryStorage.cs(9969,13): error CS0246: The type or namespace name 'NativeArray<>' could not be found (are you missing a using directive or an assembly reference?) [/app/Dummy.csproj]
/app/Assets/_Project/Scripts/SaveBinaryStorage.cs(9969,25): error CS0246: The type or namespace name 'PersistentWorldDeltaRecord' could not be found (are you missing a using directive or an assembly reference?) [/app/Dummy.csproj]
/app/Assets/_Project/Scripts/SaveBinaryStorage.cs(9970,17): error CS0246: The type or namespace name 'NativeParallelHashMap<,>' could not be found (are you missing a using directive or an assembly reference?) [/app/Dummy.csproj]
/app/Assets/_Project/Scripts/SaveBinaryStorage.cs(9970,39): error CS0246: The type or namespace name 'int3' could not be found (are you missing a using directive or an assembly reference?) [/app/Dummy.csproj]
/app/Assets/_Project/Scripts/SaveBinaryStorage.cs(9971,17): error CS0246: The type or namespace name 'NativeList<>' could not be found (are you missing a using directive or an assembly reference?) [/app/Dummy.csproj]
/app/Assets/_Project/Scripts/SaveBinaryStorage.cs(9971,28): error CS0246: The type or namespace name 'int3' could not be found (are you missing a using directive or an assembly reference?) [/app/Dummy.csproj]
/app/Assets/_Project/Scripts/SaveBinaryStorage.cs(9972,17): error CS0246: The type or namespace name 'NativeParallelHashMap<,>' could not be found (are you missing a using directive or an assembly reference?) [/app/Dummy.csproj]
/app/Assets/_Project/Scripts/SaveBinaryStorage.cs(9973,17): error CS0246: The type or namespace name 'NativeList<>' could not be found (are you missing a using directive or an assembly reference?) [/app/Dummy.csproj]
/app/Assets/_Project/Scripts/SaveBinaryStorage.cs(10060,13): error CS0246: The type or namespace name 'NativeList<>' could not be found (are you missing a using directive or an assembly reference?) [/app/Dummy.csproj]
/app/Assets/_Project/Scripts/SaveBinaryStorage.cs(10060,24): error CS0246: The type or namespace name 'PersistentWorldDeltaRecord' could not be found (are you missing a using directive or an assembly reference?) [/app/Dummy.csproj]
/app/Assets/_Project/Scripts/SaveBinaryStorage.cs(10063,17): error CS0246: The type or namespace name 'NativeParallelHashMap<,>' could not be found (are you missing a using directive or an assembly reference?) [/app/Dummy.csproj]
/app/Assets/_Project/Scripts/SaveBinaryStorage.cs(10063,39): error CS0246: The type or namespace name 'int3' could not be found (are you missing a using directive or an assembly reference?) [/app/Dummy.csproj]
/app/Assets/_Project/Scripts/SaveBinaryStorage.cs(10064,17): error CS0246: The type or namespace name 'NativeList<>' could not be found (are you missing a using directive or an assembly reference?) [/app/Dummy.csproj]
/app/Assets/_Project/Scripts/SaveBinaryStorage.cs(10064,28): error CS0246: The type or namespace name 'int3' could not be found (are you missing a using directive or an assembly reference?) [/app/Dummy.csproj]
/app/Assets/_Project/Scripts/SaveBinaryStorage.cs(10065,17): error CS0246: The type or namespace name 'NativeParallelHashMap<,>' could not be found (are you missing a using directive or an assembly reference?) [/app/Dummy.csproj]
/app/Assets/_Project/Scripts/SaveBinaryStorage.cs(10066,17): error CS0246: The type or namespace name 'NativeList<>' could not be found (are you missing a using directive or an assembly reference?) [/app/Dummy.csproj]
/app/Assets/_Project/Scripts/SaveBinaryStorage.cs(10163,17): error CS0246: The type or namespace name 'NativeParallelHashMap<,>' could not be found (are you missing a using directive or an assembly reference?) [/app/Dummy.csproj]
/app/Assets/_Project/Scripts/SaveBinaryStorage.cs(10163,39): error CS0246: The type or namespace name 'int3' could not be found (are you missing a using directive or an assembly reference?) [/app/Dummy.csproj]
/app/Assets/_Project/Scripts/SaveBinaryStorage.cs(10164,17): error CS0246: The type or namespace name 'NativeList<>' could not be found (are you missing a using directive or an assembly reference?) [/app/Dummy.csproj]
/app/Assets/_Project/Scripts/SaveBinaryStorage.cs(10164,28): error CS0246: The type or namespace name 'int3' could not be found (are you missing a using directive or an assembly reference?) [/app/Dummy.csproj]
/app/Assets/_Project/Scripts/SaveBinaryStorage.cs(10165,17): error CS0246: The type or namespace name 'NativeParallelHashMap<,>' could not be found (are you missing a using directive or an assembly reference?) [/app/Dummy.csproj]
/app/Assets/_Project/Scripts/SaveBinaryStorage.cs(10166,17): error CS0246: The type or namespace name 'NativeList<>' could not be found (are you missing a using directive or an assembly reference?) [/app/Dummy.csproj]
/app/Assets/_Project/Scripts/SaveBinaryStorage.cs(10231,13): error CS0246: The type or namespace name 'NativeArray<>' could not be found (are you missing a using directive or an assembly reference?) [/app/Dummy.csproj]
/app/Assets/_Project/Scripts/SaveBinaryStorage.cs(10231,25): error CS0246: The type or namespace name 'PersistentWorldDeltaRecord' could not be found (are you missing a using directive or an assembly reference?) [/app/Dummy.csproj]
/app/Assets/_Project/Scripts/SaveBinaryStorage.cs(10232,13): error CS0246: The type or namespace name 'NativeParallelHashMap<,>' could not be found (are you missing a using directive or an assembly reference?) [/app/Dummy.csproj]
/app/Assets/_Project/Scripts/SaveBinaryStorage.cs(10232,35): error CS0246: The type or namespace name 'int3' could not be found (are you missing a using directive or an assembly reference?) [/app/Dummy.csproj]
/app/Assets/_Project/Scripts/SaveBinaryStorage.cs(10233,13): error CS0246: The type or namespace name 'NativeList<>' could not be found (are you missing a using directive or an assembly reference?) [/app/Dummy.csproj]
/app/Assets/_Project/Scripts/SaveBinaryStorage.cs(10233,24): error CS0246: The type or namespace name 'int3' could not be found (are you missing a using directive or an assembly reference?) [/app/Dummy.csproj]
/app/Assets/_Project/Scripts/SaveBinaryStorage.cs(10234,13): error CS0246: The type or namespace name 'NativeParallelHashMap<,>' could not be found (are you missing a using directive or an assembly reference?) [/app/Dummy.csproj]
/app/Assets/_Project/Scripts/SaveBinaryStorage.cs(10235,13): error CS0246: The type or namespace name 'NativeList<>' could not be found (are you missing a using directive or an assembly reference?) [/app/Dummy.csproj]
/app/Assets/_Project/Scripts/SaveBinaryStorage.cs(10343,13): error CS0246: The type or namespace name 'NativeList<>' could not be found (are you missing a using directive or an assembly reference?) [/app/Dummy.csproj]
/app/Assets/_Project/Scripts/SaveBinaryStorage.cs(10343,24): error CS0246: The type or namespace name 'PersistentWorldDeltaRecord' could not be found (are you missing a using directive or an assembly reference?) [/app/Dummy.csproj]
/app/Assets/_Project/Scripts/SaveBinaryStorage.cs(10346,13): error CS0246: The type or namespace name 'NativeParallelHashMap<,>' could not be found (are you missing a using directive or an assembly reference?) [/app/Dummy.csproj]
/app/Assets/_Project/Scripts/SaveBinaryStorage.cs(10346,35): error CS0246: The type or namespace name 'int3' could not be found (are you missing a using directive or an assembly reference?) [/app/Dummy.csproj]
/app/Assets/_Project/Scripts/SaveBinaryStorage.cs(10347,13): error CS0246: The type or namespace name 'NativeList<>' could not be found (are you missing a using directive or an assembly reference?) [/app/Dummy.csproj]
/app/Assets/_Project/Scripts/SaveBinaryStorage.cs(10347,24): error CS0246: The type or namespace name 'int3' could not be found (are you missing a using directive or an assembly reference?) [/app/Dummy.csproj]
/app/Assets/_Project/Scripts/SaveBinaryStorage.cs(10348,13): error CS0246: The type or namespace name 'NativeParallelHashMap<,>' could not be found (are you missing a using directive or an assembly reference?) [/app/Dummy.csproj]
/app/Assets/_Project/Scripts/SaveBinaryStorage.cs(10349,13): error CS0246: The type or namespace name 'NativeList<>' could not be found (are you missing a using directive or an assembly reference?) [/app/Dummy.csproj]
/app/Assets/_Project/Scripts/SaveBinaryStorage.cs(10469,17): error CS0246: The type or namespace name 'PersistentWorldDeltaRecord' could not be found (are you missing a using directive or an assembly reference?) [/app/Dummy.csproj]
/app/Assets/_Project/Scripts/SaveBinaryStorage.cs(10641,13): error CS0246: The type or namespace name 'NativeArray<>' could not be found (are you missing a using directive or an assembly reference?) [/app/Dummy.csproj]
/app/Assets/_Project/Scripts/SaveBinaryStorage.cs(10641,25): error CS0246: The type or namespace name 'EcosystemSectorSaveRecord' could not be found (are you missing a using directive or an assembly reference?) [/app/Dummy.csproj]
/app/Assets/_Project/Scripts/SaveBinaryStorage.cs(10691,17): error CS0246: The type or namespace name 'EcosystemSectorSaveRecord' could not be found (are you missing a using directive or an assembly reference?) [/app/Dummy.csproj]
/app/Assets/_Project/Scripts/SaveBinaryStorage.cs(11073,61): error CS0246: The type or namespace name 'NativeArray<>' could not be found (are you missing a using directive or an assembly reference?) [/app/Dummy.csproj]
/app/Assets/_Project/Scripts/SaveBinaryStorage.cs(11249,16): error CS0246: The type or namespace name 'PayloadPrefixInfo' could not be found (are you missing a using directive or an assembly reference?) [/app/Dummy.csproj]
/app/Assets/_Project/Scripts/SaveBinaryStorage.cs(11301,60): error CS0246: The type or namespace name 'Vector3' could not be found (are you missing a using directive or an assembly reference?) [/app/Dummy.csproj]
/app/Assets/_Project/Scripts/SaveBinaryStorage.cs(11301,89): error CS0246: The type or namespace name 'AbsoluteUniversePosition' could not be found (are you missing a using directive or an assembly reference?) [/app/Dummy.csproj]
/app/Assets/_Project/Scripts/SaveBinaryStorage.cs(11317,50): error CS0246: The type or namespace name 'AbsoluteUniversePosition' could not be found (are you missing a using directive or an assembly reference?) [/app/Dummy.csproj]
/app/Assets/_Project/Scripts/SaveBinaryStorage.cs(11317,89): error CS0246: The type or namespace name 'Vector3' could not be found (are you missing a using directive or an assembly reference?) [/app/Dummy.csproj]
/app/Assets/_Project/Scripts/SaveBinaryStorage.cs(2522,20): error CS0246: The type or namespace name 'NativeList<>' could not be found (are you missing a using directive or an assembly reference?) [/app/Dummy.csproj]
/app/Assets/_Project/Scripts/SaveBinaryStorage.cs(2523,20): error CS0246: The type or namespace name 'NativeList<>' could not be found (are you missing a using directive or an assembly reference?) [/app/Dummy.csproj]
/app/Assets/_Project/Scripts/SaveBinaryStorage.cs(2523,31): error CS0246: The type or namespace name 'PersistentWorldDeltaRecord' could not be found (are you missing a using directive or an assembly reference?) [/app/Dummy.csproj]
/app/Assets/_Project/Scripts/SaveBinaryStorage.cs(2569,22): error CS0246: The type or namespace name 'JobHandle' could not be found (are you missing a using directive or an assembly reference?) [/app/Dummy.csproj]
/app/Assets/_Project/Scripts/SaveBinaryStorage.cs(2570,20): error CS0246: The type or namespace name 'NativeArray<>' could not be found (are you missing a using directive or an assembly reference?) [/app/Dummy.csproj]
/app/Assets/_Project/Scripts/SaveBinaryStorage.cs(2570,32): error CS0246: The type or namespace name 'EntityDataRecord' could not be found (are you missing a using directive or an assembly reference?) [/app/Dummy.csproj]
/app/Assets/_Project/Scripts/SaveBinaryStorage.cs(2571,20): error CS0246: The type or namespace name 'NativeArray<>' could not be found (are you missing a using directive or an assembly reference?) [/app/Dummy.csproj]
/app/Assets/_Project/Scripts/SaveBinaryStorage.cs(2572,20): error CS0246: The type or namespace name 'NativeArray<>' could not be found (are you missing a using directive or an assembly reference?) [/app/Dummy.csproj]
/app/Assets/_Project/Scripts/SaveBinaryStorage.cs(2573,20): error CS0246: The type or namespace name 'NativeArray<>' could not be found (are you missing a using directive or an assembly reference?) [/app/Dummy.csproj]
/app/Assets/_Project/Scripts/SaveBinaryStorage.cs(2573,32): error CS0246: The type or namespace name 'EntityDataRecord' could not be found (are you missing a using directive or an assembly reference?) [/app/Dummy.csproj]
/app/Assets/_Project/Scripts/SaveBinaryStorage.cs(2574,22): error CS0246: The type or namespace name 'NativeArray<>' could not be found (are you missing a using directive or an assembly reference?) [/app/Dummy.csproj]
/app/Assets/_Project/Scripts/SaveBinaryStorage.cs(2575,20): error CS0246: The type or namespace name 'NativeArray<>' could not be found (are you missing a using directive or an assembly reference?) [/app/Dummy.csproj]
/app/Assets/_Project/Scripts/SaveBinaryStorage.cs(2576,20): error CS0246: The type or namespace name 'NativeArray<>' could not be found (are you missing a using directive or an assembly reference?) [/app/Dummy.csproj]
/app/Assets/_Project/Scripts/SaveBinaryStorage.cs(2577,20): error CS0246: The type or namespace name 'NativeArray<>' could not be found (are you missing a using directive or an assembly reference?) [/app/Dummy.csproj]
/app/Assets/_Project/Scripts/SaveBinaryStorage.cs(2578,20): error CS0246: The type or namespace name 'NativeArray<>' could not be found (are you missing a using directive or an assembly reference?) [/app/Dummy.csproj]
/app/Assets/_Project/Scripts/SaveBinaryStorage.cs(2585,17): error CS0246: The type or namespace name 'NativeArrayOptions' could not be found (are you missing a using directive or an assembly reference?) [/app/Dummy.csproj]
/app/Assets/_Project/Scripts/SaveBinaryStorage.cs(2582,29): error CS0246: The type or namespace name 'NativeArray<>' could not be found (are you missing a using directive or an assembly reference?) [/app/Dummy.csproj]
/app/Assets/_Project/Scripts/SaveBinaryStorage.cs(2636,63): error CS0246: The type or namespace name 'NativeArray<>' could not be found (are you missing a using directive or an assembly reference?) [/app/Dummy.csproj]
/app/Assets/_Project/Scripts/SaveBinaryStorage.cs(2659,48): error CS0246: The type or namespace name 'JobHandle' could not be found (are you missing a using directive or an assembly reference?) [/app/Dummy.csproj]
/app/Assets/_Project/Scripts/SaveBinaryStorage.cs(2659,22): error CS0246: The type or namespace name 'JobHandle' could not be found (are you missing a using directive or an assembly reference?) [/app/Dummy.csproj]
/app/Assets/_Project/Scripts/SaveBinaryStorage.cs(2727,21): error CS0246: The type or namespace name 'NativeAllocationLifetime' could not be found (are you missing a using directive or an assembly reference?) [/app/Dummy.csproj]
/app/Assets/_Project/Scripts/SaveBinaryStorage.cs(2729,20): error CS0246: The type or namespace name 'NativeArray<>' could not be found (are you missing a using directive or an assembly reference?) [/app/Dummy.csproj]
/app/Assets/_Project/Scripts/SaveBinaryStorage.cs(2733,17): error CS0246: The type or namespace name 'NativeArrayOptions' could not be found (are you missing a using directive or an assembly reference?) [/app/Dummy.csproj]
/app/Assets/_Project/Scripts/SaveBinaryStorage.cs(2735,17): error CS0246: The type or namespace name 'NativeAllocationLifetime' could not be found (are you missing a using directive or an assembly reference?) [/app/Dummy.csproj]
/app/Assets/_Project/Scripts/SaveBinaryStorage.cs(2980,20): error CS0246: The type or namespace name 'EntityDataRecord' could not be found (are you missing a using directive or an assembly reference?) [/app/Dummy.csproj]
/app/Assets/_Project/Scripts/SaveBinaryStorage.cs(3004,63): error CS0246: The type or namespace name 'IJobParallelFor' could not be found (are you missing a using directive or an assembly reference?) [/app/Dummy.csproj]
/app/Assets/_Project/Scripts/SaveBinaryStorage.cs(3006,31): error CS0246: The type or namespace name 'NativeArray<>' could not be found (are you missing a using directive or an assembly reference?) [/app/Dummy.csproj]
/app/Assets/_Project/Scripts/SaveBinaryStorage.cs(3006,43): error CS0246: The type or namespace name 'EntityDataRecord' could not be found (are you missing a using directive or an assembly reference?) [/app/Dummy.csproj]
/app/Assets/_Project/Scripts/SaveBinaryStorage.cs(3007,20): error CS0246: The type or namespace name 'NativeArray<>' could not be found (are you missing a using directive or an assembly reference?) [/app/Dummy.csproj]
/app/Assets/_Project/Scripts/SaveBinaryStorage.cs(3024,63): error CS0246: The type or namespace name 'IJob' could not be found (are you missing a using directive or an assembly reference?) [/app/Dummy.csproj]
/app/Assets/_Project/Scripts/SaveBinaryStorage.cs(3026,20): error CS0246: The type or namespace name 'NativeArray<>' could not be found (are you missing a using directive or an assembly reference?) [/app/Dummy.csproj]
/app/Assets/_Project/Scripts/SaveBinaryStorage.cs(3027,20): error CS0246: The type or namespace name 'NativeArray<>' could not be found (are you missing a using directive or an assembly reference?) [/app/Dummy.csproj]
/app/Assets/_Project/Scripts/SaveBinaryStorage.cs(3028,20): error CS0246: The type or namespace name 'NativeArray<>' could not be found (are you missing a using directive or an assembly reference?) [/app/Dummy.csproj]
/app/Assets/_Project/Scripts/SaveBinaryStorage.cs(3029,20): error CS0246: The type or namespace name 'NativeArray<>' could not be found (are you missing a using directive or an assembly reference?) [/app/Dummy.csproj]
/app/Assets/_Project/Scripts/SaveBinaryStorage.cs(3044,17): error CS0246: The type or namespace name 'NativeArray<>' could not be found (are you missing a using directive or an assembly reference?) [/app/Dummy.csproj]
/app/Assets/_Project/Scripts/SaveBinaryStorage.cs(3045,17): error CS0246: The type or namespace name 'NativeArray<>' could not be found (are you missing a using directive or an assembly reference?) [/app/Dummy.csproj]
/app/Assets/_Project/Scripts/SaveBinaryStorage.cs(3078,61): error CS0246: The type or namespace name 'IJobParallelFor' could not be found (are you missing a using directive or an assembly reference?) [/app/Dummy.csproj]
/app/Assets/_Project/Scripts/SaveBinaryStorage.cs(3080,31): error CS0246: The type or namespace name 'NativeArray<>' could not be found (are you missing a using directive or an assembly reference?) [/app/Dummy.csproj]
/app/Assets/_Project/Scripts/SaveBinaryStorage.cs(3081,32): error CS0246: The type or namespace name 'NativeArray<>' could not be found (are you missing a using directive or an assembly reference?) [/app/Dummy.csproj]
/app/Assets/_Project/Scripts/SaveBinaryStorage.cs(3081,44): error CS0246: The type or namespace name 'EntityDataRecord' could not be found (are you missing a using directive or an assembly reference?) [/app/Dummy.csproj]
/app/Assets/_Project/Scripts/SaveBinaryStorage.cs(3090,60): error CS0246: The type or namespace name 'IJobParallelFor' could not be found (are you missing a using directive or an assembly reference?) [/app/Dummy.csproj]
/app/Assets/_Project/Scripts/SaveBinaryStorage.cs(3092,31): error CS0246: The type or namespace name 'NativeArray<>' could not be found (are you missing a using directive or an assembly reference?) [/app/Dummy.csproj]
/app/Assets/_Project/Scripts/SaveBinaryStorage.cs(3092,43): error CS0246: The type or namespace name 'EntityDataRecord' could not be found (are you missing a using directive or an assembly reference?) [/app/Dummy.csproj]
/app/Assets/_Project/Scripts/SaveBinaryStorage.cs(3093,32): error CS0246: The type or namespace name 'NativeArray<>' could not be found (are you missing a using directive or an assembly reference?) [/app/Dummy.csproj]
/app/Assets/_Project/Scripts/SaveBinaryStorage.cs(3104,55): error CS0246: The type or namespace name 'IJob' could not be found (are you missing a using directive or an assembly reference?) [/app/Dummy.csproj]
/app/Assets/_Project/Scripts/SaveBinaryStorage.cs(3106,31): error CS0246: The type or namespace name 'NativeArray<>' could not be found (are you missing a using directive or an assembly reference?) [/app/Dummy.csproj]
/app/Assets/_Project/Scripts/SaveBinaryStorage.cs(3107,20): error CS0246: The type or namespace name 'NativeArray<>' could not be found (are you missing a using directive or an assembly reference?) [/app/Dummy.csproj]
/app/Assets/_Project/Scripts/SaveBinaryStorage.cs(3108,20): error CS0246: The type or namespace name 'NativeArray<>' could not be found (are you missing a using directive or an assembly reference?) [/app/Dummy.csproj]
/app/Assets/_Project/Scripts/SaveBinaryStorage.cs(3503,13): error CS0246: The type or namespace name 'NativeArray<>' could not be found (are you missing a using directive or an assembly reference?) [/app/Dummy.csproj]
/app/Assets/_Project/Scripts/SaveBinaryStorage.cs(3930,20): error CS0246: The type or namespace name 'AbsoluteUniversePosition' could not be found (are you missing a using directive or an assembly reference?) [/app/Dummy.csproj]
/app/Assets/_Project/Scripts/SaveBinaryStorage.cs(4118,37): error CS0246: The type or namespace name 'int3' could not be found (are you missing a using directive or an assembly reference?) [/app/Dummy.csproj]
/app/Assets/_Project/Scripts/SaveBinaryStorage.cs(4131,20): error CS0246: The type or namespace name 'PersistentWorldDeltaRecord' could not be found (are you missing a using directive or an assembly reference?) [/app/Dummy.csproj]
/app/Assets/_Project/Scripts/SaveBinaryStorage.cs(2328,52): error CS0103: The name 'SaveDataMigration_AupV8' does not exist in the current context [/app/Dummy.csproj]
/app/Assets/_Project/Scripts/SaveBinaryStorage.cs(2343,65): error CS0103: The name 'QuestRuntimeLayout' does not exist in the current context [/app/Dummy.csproj]
/app/Assets/_Project/Scripts/SaveBinaryStorage.cs(2344,58): error CS0103: The name 'QuestRuntimeLayout' does not exist in the current context [/app/Dummy.csproj]
/app/Assets/_Project/Scripts/SaveBinaryStorage.cs(2367,58): error CS0103: The name 'SaveBinaryPayloadCodec' does not exist in the current context [/app/Dummy.csproj]
/app/Assets/_Project/Scripts/SaveBinaryStorage.cs(2783,49): error CS0103: The name 'NativeAllocationLifetime' does not exist in the current context [/app/Dummy.csproj]
/app/Assets/_Project/Scripts/SaveBinaryStorage.cs(2805,49): error CS0103: The name 'NativeAllocationLifetime' does not exist in the current context [/app/Dummy.csproj]
/app/Assets/_Project/Scripts/SaveBinaryStorage.cs(2842,49): error CS0103: The name 'NativeAllocationLifetime' does not exist in the current context [/app/Dummy.csproj]
/app/Assets/_Project/Scripts/SaveBinaryStorage.cs(2892,49): error CS0103: The name 'NativeAllocationLifetime' does not exist in the current context [/app/Dummy.csproj]
/app/Assets/_Project/Scripts/SaveBinaryStorage.cs(2930,49): error CS0103: The name 'NativeAllocationLifetime' does not exist in the current context [/app/Dummy.csproj]
/app/Assets/_Project/Scripts/SaveBinaryStorage.cs(2993,10): error CS0246: The type or namespace name 'BinaryBlittableSafeAttribute' could not be found (are you missing a using directive or an assembly reference?) [/app/Dummy.csproj]
/app/Assets/_Project/Scripts/SaveBinaryStorage.cs(2993,10): error CS0246: The type or namespace name 'BinaryBlittableSafe' could not be found (are you missing a using directive or an assembly reference?) [/app/Dummy.csproj]
/app/Assets/_Project/Scripts/SaveBinaryStorage.cs(3003,10): error CS0246: The type or namespace name 'BurstCompileAttribute' could not be found (are you missing a using directive or an assembly reference?) [/app/Dummy.csproj]
/app/Assets/_Project/Scripts/SaveBinaryStorage.cs(3003,10): error CS0246: The type or namespace name 'BurstCompile' could not be found (are you missing a using directive or an assembly reference?) [/app/Dummy.csproj]
/app/Assets/_Project/Scripts/SaveBinaryStorage.cs(3003,64): error CS0103: The name 'FloatMode' does not exist in the current context [/app/Dummy.csproj]
/app/Assets/_Project/Scripts/SaveBinaryStorage.cs(3003,106): error CS0103: The name 'FloatPrecision' does not exist in the current context [/app/Dummy.csproj]
/app/Assets/_Project/Scripts/SaveBinaryStorage.cs(3006,14): error CS0246: The type or namespace name 'ReadOnlyAttribute' could not be found (are you missing a using directive or an assembly reference?) [/app/Dummy.csproj]
/app/Assets/_Project/Scripts/SaveBinaryStorage.cs(3006,14): error CS0246: The type or namespace name 'ReadOnly' could not be found (are you missing a using directive or an assembly reference?) [/app/Dummy.csproj]
/app/Assets/_Project/Scripts/SaveBinaryStorage.cs(3023,10): error CS0246: The type or namespace name 'BurstCompileAttribute' could not be found (are you missing a using directive or an assembly reference?) [/app/Dummy.csproj]
/app/Assets/_Project/Scripts/SaveBinaryStorage.cs(3023,10): error CS0246: The type or namespace name 'BurstCompile' could not be found (are you missing a using directive or an assembly reference?) [/app/Dummy.csproj]
/app/Assets/_Project/Scripts/SaveBinaryStorage.cs(3023,64): error CS0103: The name 'FloatMode' does not exist in the current context [/app/Dummy.csproj]
/app/Assets/_Project/Scripts/SaveBinaryStorage.cs(3023,106): error CS0103: The name 'FloatPrecision' does not exist in the current context [/app/Dummy.csproj]
/app/Assets/_Project/Scripts/SaveBinaryStorage.cs(3077,10): error CS0246: The type or namespace name 'BurstCompileAttribute' could not be found (are you missing a using directive or an assembly reference?) [/app/Dummy.csproj]
/app/Assets/_Project/Scripts/SaveBinaryStorage.cs(3077,10): error CS0246: The type or namespace name 'BurstCompile' could not be found (are you missing a using directive or an assembly reference?) [/app/Dummy.csproj]
/app/Assets/_Project/Scripts/SaveBinaryStorage.cs(3077,64): error CS0103: The name 'FloatMode' does not exist in the current context [/app/Dummy.csproj]
/app/Assets/_Project/Scripts/SaveBinaryStorage.cs(3077,106): error CS0103: The name 'FloatPrecision' does not exist in the current context [/app/Dummy.csproj]
/app/Assets/_Project/Scripts/SaveBinaryStorage.cs(3080,14): error CS0246: The type or namespace name 'ReadOnlyAttribute' could not be found (are you missing a using directive or an assembly reference?) [/app/Dummy.csproj]
/app/Assets/_Project/Scripts/SaveBinaryStorage.cs(3080,14): error CS0246: The type or namespace name 'ReadOnly' could not be found (are you missing a using directive or an assembly reference?) [/app/Dummy.csproj]
/app/Assets/_Project/Scripts/SaveBinaryStorage.cs(3081,14): error CS0246: The type or namespace name 'WriteOnlyAttribute' could not be found (are you missing a using directive or an assembly reference?) [/app/Dummy.csproj]
/app/Assets/_Project/Scripts/SaveBinaryStorage.cs(3081,14): error CS0246: The type or namespace name 'WriteOnly' could not be found (are you missing a using directive or an assembly reference?) [/app/Dummy.csproj]
/app/Assets/_Project/Scripts/SaveBinaryStorage.cs(3089,10): error CS0246: The type or namespace name 'BurstCompileAttribute' could not be found (are you missing a using directive or an assembly reference?) [/app/Dummy.csproj]
/app/Assets/_Project/Scripts/SaveBinaryStorage.cs(3089,10): error CS0246: The type or namespace name 'BurstCompile' could not be found (are you missing a using directive or an assembly reference?) [/app/Dummy.csproj]
/app/Assets/_Project/Scripts/SaveBinaryStorage.cs(3089,64): error CS0103: The name 'FloatMode' does not exist in the current context [/app/Dummy.csproj]
/app/Assets/_Project/Scripts/SaveBinaryStorage.cs(3089,106): error CS0103: The name 'FloatPrecision' does not exist in the current context [/app/Dummy.csproj]
/app/Assets/_Project/Scripts/SaveBinaryStorage.cs(3092,14): error CS0246: The type or namespace name 'ReadOnlyAttribute' could not be found (are you missing a using directive or an assembly reference?) [/app/Dummy.csproj]
/app/Assets/_Project/Scripts/SaveBinaryStorage.cs(3092,14): error CS0246: The type or namespace name 'ReadOnly' could not be found (are you missing a using directive or an assembly reference?) [/app/Dummy.csproj]
/app/Assets/_Project/Scripts/SaveBinaryStorage.cs(3093,14): error CS0246: The type or namespace name 'WriteOnlyAttribute' could not be found (are you missing a using directive or an assembly reference?) [/app/Dummy.csproj]
/app/Assets/_Project/Scripts/SaveBinaryStorage.cs(3093,14): error CS0246: The type or namespace name 'WriteOnly' could not be found (are you missing a using directive or an assembly reference?) [/app/Dummy.csproj]
/app/Assets/_Project/Scripts/SaveBinaryStorage.cs(3103,10): error CS0246: The type or namespace name 'BurstCompileAttribute' could not be found (are you missing a using directive or an assembly reference?) [/app/Dummy.csproj]
/app/Assets/_Project/Scripts/SaveBinaryStorage.cs(3103,10): error CS0246: The type or namespace name 'BurstCompile' could not be found (are you missing a using directive or an assembly reference?) [/app/Dummy.csproj]
/app/Assets/_Project/Scripts/SaveBinaryStorage.cs(3103,64): error CS0103: The name 'FloatMode' does not exist in the current context [/app/Dummy.csproj]
/app/Assets/_Project/Scripts/SaveBinaryStorage.cs(3103,106): error CS0103: The name 'FloatPrecision' does not exist in the current context [/app/Dummy.csproj]
/app/Assets/_Project/Scripts/SaveBinaryStorage.cs(3106,14): error CS0246: The type or namespace name 'ReadOnlyAttribute' could not be found (are you missing a using directive or an assembly reference?) [/app/Dummy.csproj]
/app/Assets/_Project/Scripts/SaveBinaryStorage.cs(3106,14): error CS0246: The type or namespace name 'ReadOnly' could not be found (are you missing a using directive or an assembly reference?) [/app/Dummy.csproj]
/app/Assets/_Project/Scripts/SaveBinaryStorage.cs(3366,10): error CS0246: The type or namespace name 'BinaryBlittableSafeAttribute' could not be found (are you missing a using directive or an assembly reference?) [/app/Dummy.csproj]
/app/Assets/_Project/Scripts/SaveBinaryStorage.cs(3366,10): error CS0246: The type or namespace name 'BinaryBlittableSafe' could not be found (are you missing a using directive or an assembly reference?) [/app/Dummy.csproj]
/app/Assets/_Project/Scripts/SaveBinaryStorage.cs(3816,10): error CS0246: The type or namespace name 'BinaryBlittableSafeAttribute' could not be found (are you missing a using directive or an assembly reference?) [/app/Dummy.csproj]
/app/Assets/_Project/Scripts/SaveBinaryStorage.cs(3816,10): error CS0246: The type or namespace name 'BinaryBlittableSafe' could not be found (are you missing a using directive or an assembly reference?) [/app/Dummy.csproj]
/app/Assets/_Project/Scripts/SaveBinaryStorage.cs(3853,10): error CS0246: The type or namespace name 'BinaryBlittableSafeAttribute' could not be found (are you missing a using directive or an assembly reference?) [/app/Dummy.csproj]
/app/Assets/_Project/Scripts/SaveBinaryStorage.cs(3853,10): error CS0246: The type or namespace name 'BinaryBlittableSafe' could not be found (are you missing a using directive or an assembly reference?) [/app/Dummy.csproj]
/app/Assets/_Project/Scripts/SaveBinaryStorage.cs(3922,51): error CS0182: An attribute argument must be a constant expression, typeof expression or array creation expression of an attribute parameter type [/app/Dummy.csproj]
/app/Assets/_Project/Scripts/SaveBinaryStorage.cs(3925,14): error CS0636: The FieldOffset attribute can only be placed on members of types marked with the StructLayout(LayoutKind.Explicit) [/app/Dummy.csproj]
/app/Assets/_Project/Scripts/SaveBinaryStorage.cs(3927,14): error CS0636: The FieldOffset attribute can only be placed on members of types marked with the StructLayout(LayoutKind.Explicit) [/app/Dummy.csproj]
/app/Assets/_Project/Scripts/SaveBinaryStorage.cs(3929,14): error CS0636: The FieldOffset attribute can only be placed on members of types marked with the StructLayout(LayoutKind.Explicit) [/app/Dummy.csproj]
/app/Assets/_Project/Scripts/SaveBinaryStorage.cs(3931,14): error CS0636: The FieldOffset attribute can only be placed on members of types marked with the StructLayout(LayoutKind.Explicit) [/app/Dummy.csproj]
/app/Assets/_Project/Scripts/SaveBinaryStorage.cs(3933,14): error CS0636: The FieldOffset attribute can only be placed on members of types marked with the StructLayout(LayoutKind.Explicit) [/app/Dummy.csproj]
/app/Assets/_Project/Scripts/SaveBinaryStorage.cs(3935,14): error CS0636: The FieldOffset attribute can only be placed on members of types marked with the StructLayout(LayoutKind.Explicit) [/app/Dummy.csproj]
/app/Assets/_Project/Scripts/SaveBinaryStorage.cs(3937,14): error CS0636: The FieldOffset attribute can only be placed on members of types marked with the StructLayout(LayoutKind.Explicit) [/app/Dummy.csproj]
    0 Warning(s)
    308 Error(s)

Time Elapsed 00:00:09.64
