[Licensing::Module] Trying to connect to existing licensing client channel...
Built from '6000.4/staging' branch; Version is '6000.4.1f1 (8535861f39e1) revision 8729990'; Using compiler version '194234433'; Build Type 'Release'
[Licensing::IpcConnector] Successfully connected to: "LicenseClient-danat" at "2026-04-27T09:47:31.2717466Z"
OS: 'Windows 11  (10.0.26200) CoreSingleLanguage' Language: 'en' Physical Memory: 32407 MB
BatchMode: 1, IsHumanControllingUs: 0, StartBugReporterOnCrash: 0, Is64bit: 1
System  architecture: x64
Process architecture: x64
Date: 2026-04-27T09:47:31Z

COMMAND LINE ARGUMENTS:
C:\Program Files\Unity\Hub\Editor\6000.4.1f1\Editor\Unity.exe
-batchmode
-quit
-projectPath
c:\hades\Hecton8
-logFile
c:\hades\Hecton8\.iter_fbx_reimport.log
-executeMethod
Hecton8.Editor.HectonFBXPostprocessor.ReimportScifiFacilityFbx
Successfully changed project path to: c:\hades\Hecton8
C:/hades/Hecton8
Exiting without the bug reporter. Application will terminate with return code 1