[Licensing::Module] Trying to connect to existing licensing client channel...
Built from '6000.4/staging' branch; Version is '6000.4.1f1 (8535861f39e1) revision 8729990'; Using compiler version '194234433'; Build Type 'Release'
[Licensing::IpcConnector] Channel LicenseClient-danat doesn't exist
OS: 'Windows 11  (10.0.26200) CoreSingleLanguage' Language: 'en' Physical Memory: 32407 MB
BatchMode: 1, IsHumanControllingUs: 0, StartBugReporterOnCrash: 0, Is64bit: 1
System  architecture: x64
Process architecture: x64
Date: 2026-04-26T15:58:38Z
[Licensing::Module] Successfully launched the LicensingClient (PId: 8172)

COMMAND LINE ARGUMENTS:
C:\Program Files\Unity\Hub\Editor\6000.4.1f1\Editor\Unity.exe
-batchmode
-projectPath
C:\hades\_iter22_shader_probe
-executeMethod
ProbeRunner.Run
-quit
-logFile
C:\hades\Hecton8\iter22_probe_import.log
Successfully changed project path to: C:\hades\_iter22_shader_probe
C:/hades/_iter22_shader_probe
[UnityMemory] Configuration Parameters - Can be set up in boot.config
    "memorysetup-temp-allocator-size-gi-baking-worker=262144"
    "memorysetup-temp-allocator-size-gi-baking-worker=262144"
    "memorysetup-temp-allocator-size-gi-baking-worker=262144"
    "memorysetup-temp-allocator-size-gi-baking-worker=262144"
    "memorysetup-temp-allocator-size-gi-baking-worker=262144"
    "memorysetup-temp-allocator-size-nav-mesh-worker=65536"
    "memorysetup-temp-allocator-size-audio-worker=65536"
    "memorysetup-temp-allocator-size-cloud-worker=32768"
    "memorysetup-temp-allocator-size-gfx=262144"
    "memorysetup-temp-allocator-size-preload-manager=33554432"
    "memorysetup-temp-allocator-size-job-worker=262144"
    "memorysetup-temp-allocator-size-background-worker=32768"
    "memorysetup-allocator-temp-initial-block-size-main=262144"
    "memorysetup-allocator-temp-initial-block-size-worker=262144"
    "memorysetup-bucket-allocator-granularity=16"
    "memorysetup-bucket-allocator-bucket-count=8"
    "memorysetup-bucket-allocator-block-size=33554432"
    "memorysetup-bucket-allocator-block-count=8"
    "memorysetup-main-allocator-block-size=16777216"
    "memorysetup-thread-allocator-block-size=16777216"
    "memorysetup-gfx-main-allocator-block-size=16777216"
    "memorysetup-gfx-thread-allocator-block-size=16777216"
    "memorysetup-cache-allocator-block-size=4194304"
    "memorysetup-typetree-allocator-block-size=2097152"
    "memorysetup-profiler-bucket-allocator-granularity=16"
    "memorysetup-profiler-bucket-allocator-bucket-count=8"
    "memorysetup-profiler-bucket-allocator-block-size=33554432"
    "memorysetup-profiler-bucket-allocator-block-count=8"
    "memorysetup-profiler-allocator-block-size=16777216"
    "memorysetup-profiler-editor-allocator-block-size=1048576"
    "memorysetup-temp-allocator-size-main=16777216"
    "memorysetup-job-temp-allocator-block-size=2097152"
    "memorysetup-job-temp-allocator-block-size-background=1048576"
    "memorysetup-job-temp-allocator-reduction-small-platforms=262144"
[Licensing::IpcConnector] Successfully connected to: "LicenseClient-danat" at "2026-04-26T15:58:40.0792323Z"
Player connection [7496]  Target information:

Player connection [7496]  * "[IP] 192.168.1.130 [Port] 55504 [Flags] 2 [Guid] 3785352512 [EditorId] 3785352512 [Version] 1048832 [Id] WindowsEditor(7,Shinobu) [Debug] 1 [PackageName] WindowsEditor [ProjectName] Editor" 

Player connection [7496]  * "[IP] 172.18.0.1 [Port] 55504 [Flags] 2 [Guid] 3785352512 [EditorId] 3785352512 [Version] 1048832 [Id] WindowsEditor(7,Shinobu) [Debug] 1 [PackageName] WindowsEditor [ProjectName] Editor" 

Player connection [7496] Host joined multi-casting on [225.0.0.222:54997]...
Player connection [7496] Host joined alternative multi-casting on [225.0.0.222:34997]...
Input System module state changed to: Initialized.
[Physics::Module] Initialized fallback backend.
[Physics::Module] Id: 0xdecafbad
[Package Manager] Connected to IPC stream "Upm-63484" after 1.4 seconds.
[Licensing::Module] Licensing is not yet initialized.
[Licensing::Client] Handshaking with LicensingClient:
  Version:                 1.18.1+9fbee8e
  Session Id:              bc2de4171f7e4478b3ca537fe2c0c39c
  Correlation Id:          5c7da64d997a6c19f9054a5522ae2ee5
  External correlation Id: 5949174614445218646
  Machine Id:              KXBg4HkLZwVfPhjJrzyzSmUVWFw=
[Licensing::Module] Successfully connected to LicensingClient on channel: "LicenseClient-danat" (connect: 1.34s, validation: 0.25s, handshake: 4.24s)
[Licensing::IpcConnector] Successfully connected to: "LicenseClient-danat-notifications" at "2026-04-26T15:58:44.5666321Z"
[Licensing::Module] Connected to LicensingClient (PId: 8172, launch time: 0.02, total connection time: 5.82s)
[Licensing::Module] Error: Access token is unavailable; failed to update
[Licensing::Client] Successfully resolved entitlement details
[Licensing::Module] License group:
  Id: 7972536317136-UnityPersXXXX
  Product: Unity Personal
  Type: Assigned
  Expiration: Unlimited
[Licensing::Client] Successfully updated license, isAsync: True, time: 0.05
[Licensing::Client] Successfully resolved entitlement details
[Licensing::Module] Licensing Background thread has ended after 5.97s
[Licensing::Module] Licensing is initialized (took 2.45s).
[Licensing::Client] Successfully resolved entitlement details
Library Redirect Path: Library/
[Physics::Module] Selected backend.
[Physics::Module] Name: PhysX
[Physics::Module] Id: 0xf2b8ea05
[Physics::Module] SDK Version: 4.1.2
[Physics::Module] Integration Version: 1.0.0
[Physics::Module] Threading Mode: Multi-Threaded
Initialize engine version: 6000.4.1f1 (8535861f39e1)
[Subsystems] Discovering subsystems at path C:/Program Files/Unity/Hub/Editor/6000.4.1f1/Editor/Data/Resources/UnitySubsystems
[Subsystems] Discovering subsystems at path C:/hades/_iter22_shader_probe/Assets
GfxDevice: creating device client; kGfxThreadingModeNonThreaded
Direct3D:
    Version:  Direct3D 11.0 [level 11.1]
    Renderer: NVIDIA GeForce MX350 (ID=0x1c94)
    Vendor:   NVIDIA
    VRAM:     1964 MB
    Driver:   32.0.15.8183
Initialize mono
Mono path[0] = 'C:/Program Files/Unity/Hub/Editor/6000.4.1f1/Editor/Data/Managed'
Mono path[1] = 'C:/Program Files/Unity/Hub/Editor/6000.4.1f1/Editor/Data/MonoBleedingEdge/lib/mono/unityjit-win32'
Mono config path = 'C:/Program Files/Unity/Hub/Editor/6000.4.1f1/Editor/Data/MonoBleedingEdge/etc'
Using monoOptions --debugger-agent=transport=dt_socket,embedding=1,server=y,suspend=n,address=127.0.0.1:56484
CodeReloadManager initialized
Using cacheserver namespaces - metadata:defaultmetadata, artifacts:defaultartifacts
Using cacheserver namespaces - metadata:defaultmetadata, artifacts:defaultartifacts
ImportWorker Server TCP listen port: 0
AcceleratorClientConnectionCallback - disconnected - :0
Begin MonoManager ReloadAssembly
Registering precompiled unity dll's ...
Register platform support module: C:/Program Files/Unity/Hub/Editor/6000.4.1f1/Editor/Data/PlaybackEngines/WindowsStandaloneSupport/UnityEditor.WindowsStandalone.Extensions.dll
Registered in 0.004029 seconds.
Native extension for WindowsStandalone target not found
Package Manager log level set to [2]
ScheduleIndexationOnStartup MainProcess:False IndexOnStartup:False
Mono: successfully reloaded assembly
- Finished resetting the current domain, in  2.133 seconds
Domain Reload Profiling: 4687ms
	BeginReloadAssembly (864ms)
		CreateAndSetChildDomain (19ms)
	RebuildCommonClasses (288ms)
	RebuildNativeTypeToScriptingClass (132ms)
	initialDomainReloadingComplete (308ms)
	LoadAllAssembliesAndSetupDomain (955ms)
		LoadAssemblies (839ms)
		AnalyzeDomain (912ms)
			TypeCache.Refresh (904ms)
				TypeCache.ScanAssembly (836ms)
			ResolveRequiredComponents (4ms)
	FinalizeReload (2139ms)
		SetupLoadedEditorAssemblies (0ms)
			InitializePlatformSupportModulesInManaged (261ms)
			BeforeProcessingInitializeOnLoad (542ms)
			ProcessInitializeOnLoadAttributes (561ms)
			ProcessInitializeOnLoadMethodAttributes (437ms)
[Licensing::Client] Successfully resolved entitlement details
Application.AssetDatabase Initial Refresh Start
[Package Manager] Restoring resolved packages state from cache
[Licensing::Client] Successfully resolved entitlement details
[Package Manager] Registered 37 packages:
  Built-in packages:
    com.unity.multiplayer.center@1.0.1 (location: C:\hades\_iter22_shader_probe\Library\PackageCache\com.unity.multiplayer.center@f01f4ba8d00a)
    com.unity.modules.accessibility@1.0.0 (location: C:\hades\_iter22_shader_probe\Library\PackageCache\com.unity.modules.accessibility)
    com.unity.modules.adaptiveperformance@1.0.0 (location: C:\hades\_iter22_shader_probe\Library\PackageCache\com.unity.modules.adaptiveperformance)
    com.unity.modules.ai@1.0.0 (location: C:\hades\_iter22_shader_probe\Library\PackageCache\com.unity.modules.ai)
    com.unity.modules.androidjni@1.0.0 (location: C:\hades\_iter22_shader_probe\Library\PackageCache\com.unity.modules.androidjni)
    com.unity.modules.animation@1.0.0 (location: C:\hades\_iter22_shader_probe\Library\PackageCache\com.unity.modules.animation)
    com.unity.modules.assetbundle@1.0.0 (location: C:\hades\_iter22_shader_probe\Library\PackageCache\com.unity.modules.assetbundle)
    com.unity.modules.audio@1.0.0 (location: C:\hades\_iter22_shader_probe\Library\PackageCache\com.unity.modules.audio)
    com.unity.modules.cloth@1.0.0 (location: C:\hades\_iter22_shader_probe\Library\PackageCache\com.unity.modules.cloth)
    com.unity.modules.director@1.0.0 (location: C:\hades\_iter22_shader_probe\Library\PackageCache\com.unity.modules.director)
    com.unity.modules.imageconversion@1.0.0 (location: C:\hades\_iter22_shader_probe\Library\PackageCache\com.unity.modules.imageconversion)
    com.unity.modules.imgui@1.0.0 (location: C:\hades\_iter22_shader_probe\Library\PackageCache\com.unity.modules.imgui)
    com.unity.modules.jsonserialize@1.0.0 (location: C:\hades\_iter22_shader_probe\Library\PackageCache\com.unity.modules.jsonserialize)
    com.unity.modules.particlesystem@1.0.0 (location: C:\hades\_iter22_shader_probe\Library\PackageCache\com.unity.modules.particlesystem)
    com.unity.modules.physics@1.0.0 (location: C:\hades\_iter22_shader_probe\Library\PackageCache\com.unity.modules.physics)
    com.unity.modules.physics2d@1.0.0 (location: C:\hades\_iter22_shader_probe\Library\PackageCache\com.unity.modules.physics2d)
    com.unity.modules.screencapture@1.0.0 (location: C:\hades\_iter22_shader_probe\Library\PackageCache\com.unity.modules.screencapture)
    com.unity.modules.terrain@1.0.0 (location: C:\hades\_iter22_shader_probe\Library\PackageCache\com.unity.modules.terrain)
    com.unity.modules.terrainphysics@1.0.0 (location: C:\hades\_iter22_shader_probe\Library\PackageCache\com.unity.modules.terrainphysics)
    com.unity.modules.tilemap@1.0.0 (location: C:\hades\_iter22_shader_probe\Library\PackageCache\com.unity.modules.tilemap)
    com.unity.modules.ui@1.0.0 (location: C:\hades\_iter22_shader_probe\Library\PackageCache\com.unity.modules.ui)
    com.unity.modules.uielements@1.0.0 (location: C:\hades\_iter22_shader_probe\Library\PackageCache\com.unity.modules.uielements)
    com.unity.modules.umbra@1.0.0 (location: C:\hades\_iter22_shader_probe\Library\PackageCache\com.unity.modules.umbra)
    com.unity.modules.unityanalytics@1.0.0 (location: C:\hades\_iter22_shader_probe\Library\PackageCache\com.unity.modules.unityanalytics)
    com.unity.modules.unitywebrequest@1.0.0 (location: C:\hades\_iter22_shader_probe\Library\PackageCache\com.unity.modules.unitywebrequest)
    com.unity.modules.unitywebrequestassetbundle@1.0.0 (location: C:\hades\_iter22_shader_probe\Library\PackageCache\com.unity.modules.unitywebrequestassetbundle)
    com.unity.modules.unitywebrequestaudio@1.0.0 (location: C:\hades\_iter22_shader_probe\Library\PackageCache\com.unity.modules.unitywebrequestaudio)
    com.unity.modules.unitywebrequesttexture@1.0.0 (location: C:\hades\_iter22_shader_probe\Library\PackageCache\com.unity.modules.unitywebrequesttexture)
    com.unity.modules.unitywebrequestwww@1.0.0 (location: C:\hades\_iter22_shader_probe\Library\PackageCache\com.unity.modules.unitywebrequestwww)
    com.unity.modules.vectorgraphics@1.0.0 (location: C:\hades\_iter22_shader_probe\Library\PackageCache\com.unity.modules.vectorgraphics)
    com.unity.modules.vehicles@1.0.0 (location: C:\hades\_iter22_shader_probe\Library\PackageCache\com.unity.modules.vehicles)
    com.unity.modules.video@1.0.0 (location: C:\hades\_iter22_shader_probe\Library\PackageCache\com.unity.modules.video)
    com.unity.modules.vr@1.0.0 (location: C:\hades\_iter22_shader_probe\Library\PackageCache\com.unity.modules.vr)
    com.unity.modules.wind@1.0.0 (location: C:\hades\_iter22_shader_probe\Library\PackageCache\com.unity.modules.wind)
    com.unity.modules.xr@1.0.0 (location: C:\hades\_iter22_shader_probe\Library\PackageCache\com.unity.modules.xr)
    com.unity.modules.subsystems@1.0.0 (location: C:\hades\_iter22_shader_probe\Library\PackageCache\com.unity.modules.subsystems)
    com.unity.modules.hierarchycore@1.0.0 (location: C:\hades\_iter22_shader_probe\Library\PackageCache\com.unity.modules.hierarchycore)
[Subsystems] No new subsystems found in resolved package list.
[Package Manager] Done registering packages in 0.07 seconds
[ScriptCompilation] Requested script compilation because: AssetDatabase observed changes in script compilation related files
Connectivity with IL Post Processor runner cannot be established yet. Retrying.Starting: C:\Program Files\Unity\Hub\Editor\6000.4.1f1\Editor\Data\Tools\BuildPipeline\bee_backend.exe --ipc --defer-dag-verification --dagfile="Library/Bee/1900b0aEDbg.dag" --continue-on-failure --profile="Library/Bee/backend1.traceevents" ScriptAssemblies
WorkingDir: C:/hades/_iter22_shader_probe
DisplayProgressbar: Compiling Scripts
Starting: C:\Program Files\Unity\Hub\Editor\6000.4.1f1\Editor\Data\netcorerun\netcorerun.exe "C:\Program Files\Unity\Hub\Editor\6000.4.1f1\Editor\Data\Tools\BuildPipeline\ScriptCompilationBuildProgram.exe" "Library/Bee/1900b0aEDbg.dag.json" "Library/Bee/1900b0aEDbg-inputdata.json" "Library\Bee\buildprogram0.traceevents"
WorkingDir: C:/hades/_iter22_shader_probe
ExitCode: 4 Duration: 0s245ms
Rebuilding DAG because FileSignature timestamp changed: Library/Bee/1900b0aEDbg-inputdata.json
*** Tundra requires additional run (0.14 seconds), 0 items updated, 159 evaluated
ExitCode: 0 Duration: 0s750ms
Starting: C:\Program Files\Unity\Hub\Editor\6000.4.1f1\Editor\Data\Tools\BuildPipeline\bee_backend.exe --ipc --defer-dag-verification --dagfile="Library/Bee/1900b0aEDbg.dag" --continue-on-failure --dagfilejson="Library\Bee\1900b0aEDbg.dag.json" --profile="Library/Bee/backend2.traceevents" ScriptAssemblies
WorkingDir: C:/hades/_iter22_shader_probe
ExitCode: 0 Duration: 1s231ms
Finished compiling graph: 171 nodes, 793 flattened edges (771 ToBuild, 6 ToUse), maximum node priority 37
[150/168    0s] WriteText Library/Bee/artifacts/1900b0aEDbg.dag/Assembly-CSharp-Editor.rsp2
[151/168    0s] WriteText Library/Bee/artifacts/1900b0aEDbg.dag/Assembly-CSharp-Editor.UnityAdditionalFile.txt
[152/168    0s] WriteText Library/Bee/artifacts/1900b0aEDbg.dag/Assembly-CSharp-Editor.dll.mvfrm.rsp
[154/168    0s] WriteText Library/Bee/artifacts/1900b0aEDbg.dag/Assembly-CSharp-Editor.rsp
[163/168    0s] MovedFromExtractor Library/Bee/artifacts/mvdfrm/Unity.Multiplayer.Center.Editor.ref.dll_9589F57E3523F991.mvfrm
[164/168    0s] MovedFromExtractor-Combine Library/Bee/artifacts/1900b0aEDbg.dag/Assembly-CSharp-Editor.dll.mvfrm
[165/168    0s] Csc Library/Bee/artifacts/1900b0aEDbg.dag/Assembly-CSharp-Editor.dll (+2 others)
[166/168    0s] CopyFiles Library/ScriptAssemblies/Assembly-CSharp-Editor.dll
[167/168    0s] CopyFiles Library/ScriptAssemblies/Assembly-CSharp-Editor.pdb
*** Tundra build success (1.17 seconds), 9 items updated, 168 evaluated
AssetDatabase: script compilation time: 22.781947s
Begin MonoManager ReloadAssembly
Assembly Assembly-CSharp-Editor-firstpass.dll at Library/ScriptAssemblies/Assembly-CSharp-Editor-firstpass.dll not valid. Loading of assembly skipped.
Assembly Assembly-CSharp-firstpass.dll at Library/ScriptAssemblies/Assembly-CSharp-firstpass.dll not valid. Loading of assembly skipped.
Assembly Assembly-CSharp.dll at Library/ScriptAssemblies/Assembly-CSharp.dll not valid. Loading of assembly skipped.
Assembly Unity.Multiplayer.Center.Editor.Tests.dll at Library/ScriptAssemblies/Unity.Multiplayer.Center.Editor.Tests.dll not valid. Loading of assembly skipped.
Assembly Unity.Multiplayer.Center.Tests.dll at Library/ScriptAssemblies/Unity.Multiplayer.Center.Tests.dll not valid. Loading of assembly skipped.
Start importing Assets/Editor using Guid(afb2e2bc0f8de514a88d31a38ee1ca26) (DefaultImporter) -> (Import Result ID: '5beefe1694a26c6cedeae32aa023e1e0') in 0.3200813 seconds [static dependencies only]. Details - ImportResultOutputID=d4b9c1a82bd6562ec6a2bc566e43d781 DependenciesID=5b2c3f6580b093e77620d3408a406481 StaticDependenciesID=93f443c3d5c3b0e3973ac2b655268725 
Native extension for WindowsStandalone target not found
ScheduleIndexationOnStartup MainProcess:True IndexOnStartup:True
Mono: successfully reloaded assembly
- Finished resetting the current domain, in  2.412 seconds
Domain Reload Profiling: 3579ms
	BeginReloadAssembly (810ms)
		DisableScriptedObjects (31ms)
		CreateAndSetChildDomain (235ms)
	RebuildCommonClasses (136ms)
	RebuildNativeTypeToScriptingClass (46ms)
	initialDomainReloadingComplete (112ms)
	LoadAllAssembliesAndSetupDomain (57ms)
		LoadAssemblies (418ms)
		AnalyzeDomain (28ms)
			TypeCache.Refresh (19ms)
				TypeCache.ScanAssembly (6ms)
			BuildScriptInfoCaches (4ms)
	FinalizeReload (2417ms)
		SetupLoadedEditorAssemblies (0ms)
			InitializePlatformSupportModulesInManaged (199ms)
			BeforeProcessingInitializeOnLoad (762ms)
			ProcessInitializeOnLoadAttributes (320ms)
			ProcessInitializeOnLoadMethodAttributes (191ms)
			AfterProcessingInitializeOnLoad (15ms)
		AwakeInstancesAfterBackupRestoration (28ms)
(Values over 0.050ms)
Asset Pipeline Refresh (id=e72c0dbd4e7a1f441924d0ce642d0c8f): Total: 27.591 seconds - Initiated by InitialRefreshV2(ForceSynchronousImport)
	Summary:
		Imports: total=1 (actual=1, local cache=0, cache server=0)
		Asset DB Process Time: managed=9 ms, native=3315 ms
		Asset DB Callback time: managed=190 ms, native=85 ms
		Scripting: domain reloads=1, domain reload time=1169 ms, compile time=22787 ms, other=30 ms
		Project Asset Count: scripts=113, non-scripts=81
		Asset File Changes: new=2, changed=2, moved=0, deleted=0
		Scan Filter Count: 0
	InvokePackagesCallback: 82.385ms
	ApplyChangesToAssetFolders: 1.141ms
	Scan: 169.101ms
	OnSourceAssetsModified: 2.489ms
	CategorizeScriptCompilationAssets: 0.947ms
	ProcessAssetsWithTransientArtifactChanges: 2.932ms
	CategorizeAssets: 3.288ms
	CompileScripts: 22787.049ms
	ImportOutOfDateAssets: 2779.314ms (2434.562ms without children)
		ImportManagerImport: 330.539ms (9.488ms without children)
			UpdateCategorizedAssets: 0.050ms
		UnloadImportedAssets: 0.853ms
		EnsureUptoDateAssetsAreRegisteredWithGuidPM: 0.226ms
		OnDemandSchedulerStart: 13.124ms
	PostProcessAllAssets: 194.107ms
		VCAutoAddAssetPostprocess 4.153ms
		VersionControlSettings.HiddenFilePostprocess 0.570ms
		BlockShaderImporter.PostprocessAllAssets 0.084ms
		PostProcessCallbackCreateDeferredMaterials 0.054ms
		MonoPostProcessAllAssets: 186.477ms
			StyleCatalogPostProcessor.OnPostprocessAllAssets 45.043ms
			AssetPostprocessor.OnPostprocessAllAssets 32.954ms
			WindowAssetPostprocessingWatcher.OnPostprocessAllAssets 22.040ms
			BuilderAssetPostprocessor.OnPostprocessAllAssets 14.254ms
			AssetChangedListener.OnPostprocessAllAssets 7.754ms
			SyncVS.PostprocessSyncProject 5.643ms
			RetainedModeAssetPostprocessor.OnPostprocessAllAssets 5.295ms
			SpeedTree9Postprocessor.OnPostprocessAllAssets 2.023ms
			ArtifactBrowserPostProcessor.OnPostprocessAllAssets 1.531ms
			TextAssetPostProcessor.OnPostprocessAllAssets 1.441ms
			ConfigAssetsTracker.OnPostprocessAllAssets 1.264ms
			AudioMixerPostprocessor.OnPostprocessAllAssets 0.874ms
			ReferencedClipsPostProcessor.OnPostprocessAllAssets 0.813ms
			AssetEvents.OnPostprocessAllAssets 0.706ms
			ScenarioDriftAssetsTracker.OnPostprocessAllAssets 0.622ms
			TerrainToolbarOverlayPostProcessor.OnPostprocessAllAssets 0.581ms
			AssetDatabaseCallbacks.OnPostprocessAllAssets 0.469ms
			SpeedTreePostProcessor.OnPostprocessAllAssets 0.424ms
			RenderPipelineGlobalSettingsPostprocessor.OnPostprocessAllAssets 0.267ms
			AudioContainerPostProcessor.OnPostprocessAllAssets 0.241ms
	PostAssetChangesProfiler: 2.439ms
	UnloadStreamsBegin: 3.805ms
	PersistCurrentRevisions: 0.133ms
	GenerateScriptTypeHashes: 0.545ms
	GenerateScriptTypeSerializationHashes: 1.197ms
	Untracked: 1558.639ms

Application.AssetDatabase Initial Refresh End
Launched and connected shader compiler UnityShaderCompiler.exe after 0.03 seconds
Scanning for USB devices : 5.047ms
Initializing Unity extensions:
[MODES] ModeService[none].Initialize
[MODES] ModeService[none].LoadModes
[MODES] Loading mode Default (0) for mode-current-id-_iter22_shader_probe
Unloading 3 Unused Serialized files (Serialized files now loaded: 0)
Unloading 79 unused Assets / (1.1 MB). Loaded Objects now: 687.
Memory consumption went from 90.9 MB to 89.8 MB.
Total: 13.944600 ms (FindLiveObjects: 0.138000 ms CreateObjectMapping: 0.021400 ms MarkObjects: 12.626500 ms  DeleteObjects: 1.150700 ms)

'Assets/SargassumMicroFaunaBoids.compute' does not exist
UnityEngine.Debug:ExtractStackTraceNoAlloc (byte*,int,string)
UnityEngine.StackTraceUtility:ExtractStackTrace ()
UnityEditor.AssetDatabase:ImportAsset (string,UnityEditor.ImportAssetOptions)
ProbeRunner:Run () (at Assets/Editor/ProbeRunner.cs:10)

[Assets/Editor/ProbeRunner.cs line 10]

Asset Pipeline Refresh (id=92195a0bb8d4cc340b40a7690709fb4a): Total: 0.027 seconds - Initiated by RefreshV2(NoUpdateAssetOptions)
[ProbeRunner] Failed to load compute shader.
UnityEngine.Debug:ExtractStackTraceNoAlloc (byte*,int,string)
UnityEngine.StackTraceUtility:ExtractStackTrace ()
UnityEngine.DebugLogHandler:Internal_Log (UnityEngine.LogType,UnityEngine.LogOption,string,UnityEngine.Object)
UnityEngine.DebugLogHandler:LogFormat (UnityEngine.LogType,UnityEngine.Object,string,object[])
UnityEngine.Logger:Log (UnityEngine.LogType,object)
UnityEngine.Debug:LogError (object)
ProbeRunner:Run () (at Assets/Editor/ProbeRunner.cs:15)

(Filename: Assets/Editor/ProbeRunner.cs Line: 15)

Request timed out while processing request "https://public-cdn.cloud.unity3d.com/config/production", HTTP error code 0
.[UnityConnect] Request timed out.
Curl error 42: Callback aborted
[Physics::Module] Cleanup current backend.
[Physics::Module] Id: 0xf2b8ea05
Input System module state changed to: ShutdownInProgress.
Input Polling Thread exited.
Input System module state changed to: Shutdown.
[Licensing::IpcConnector] LicenseClient-danat-notifications channel disconnected successfully.
[Licensing::IpcConnector] LicenseClient-danat channel disconnected successfully.
AcceleratorClientConnectionCallback - disconnected - :0
Cleanup mono
CodeReloadManager destroyed
Checking for leaked weakptr:
  Found no leaked weakptrs.
[Package Manager] Server process was shutdown
##utp:{"type":"MemoryLeaks","version":2,"phase":"Immediate","time":1777219162550,"processId":63484,"allocatedMemory":10916411,"memoryLabels":[{"Default":150994},{"Permanent":15276},{"NewDelete":64753},{"Thread":4230384},{"Manager":30893},{"VertexData":8},{"Geometry":816},{"Texture":24},{"Shader":840778},{"Material":24},{"GfxDevice":55313},{"Animation":392},{"Audio":3008},{"FreeType":8},{"FontEngine":736},{"Physics":2090},{"Physics2D":16},{"Serialization":704},{"Input":9880},{"JobScheduler":33024},{"TextLib":216},{"Mono":32},{"ScriptingNativeRuntime":155052},{"BaseObject":1620304},{"Resource":1184},{"Renderer":3008},{"Transform":4685},{"File":1088},{"WebCam":616},{"Culling":32},{"Terrain":11394},{"Wind":24},{"STL":40},{"String":10950},{"StaticString":6718},{"Utility":2672230},{"Curl":1712},{"PoolAlloc":2072},{"AI":80},{"TypeTree":5341},{"ScriptManager":448},{"RuntimeInitializeOnLoadManager":64},{"SpriteAtlas":120},{"GI":7792},{"Director":8320},{"CloudService":7376},{"WebRequest":845},{"VR":48050},{"SceneManager":504},{"Video":64},{"LazyScriptCache":32},{"Camera":17},{"Secure":2113},{"SerializationCache":1576},{"APIUpdating":10320},{"Subsystems":336},{"VirtualTexturing":57888},{"StaticSafetyDebugInfo":278528},{"Analytics":464},{"Hierarchy":608},{"CoreStats":13032},{"Identifiers":12960},{"Gui":128},{"EditorUtility":77880},{"VersionControl":4},{"Undo":931},{"AssetDatabase":395541},{"EditorGi":328},{"UnityConnect":37716},{"Upm":1912},{"UpmDiagnostics":8},{"AssetCompliance":64},{"DrivenProperties":72},{"LocalIPC":211},{"ProfilerEditor":9746},{"CoreBusinessMetrics":2866},{"Windowing":456},{"Licensing":1232},{"AssetReference":32},{"IPCStream":32}]}
